Component: ARM Compiler 5.06 update 6 (build 750) Tool: armlink [4d35ed]

==============================================================================

Section Cross References

    main.o(i.AppObjCreate) refers to queue.o(i.xQueueGenericCreate) for xQueueGenericCreate
    main.o(i.AppObjCreate) refers to main.o(.data) for xQueue1
    main.o(i.AppTaskCreate) refers to tasks.o(i.xTaskCreate) for xTaskCreate
    main.o(i.AppTaskCreate) refers to main.o(i.vTaskTaskUserIF) for vTaskTaskUserIF
    main.o(i.AppTaskCreate) refers to main.o(.data) for xHandleTaskLED
    main.o(i.AppTaskCreate) refers to main.o(i.vTaskLED) for vTaskLED
    main.o(i.AppTaskCreate) refers to main.o(i.vTaskMsgPro) for vTaskMsgPro
    main.o(i.AppTaskCreate) refers to main.o(i.vTaskStart) for vTaskStart
    main.o(i.OS_PostSleepProcessing) refers to stm32f10x_rcc.o(i.RCC_APB2PeriphClockCmd) for RCC_APB2PeriphClockCmd
    main.o(i.OS_PreSleepProcessing) refers to stm32f10x_rcc.o(i.RCC_APB2PeriphClockCmd) for RCC_APB2PeriphClockCmd
    main.o(i.main) refers to bsp.o(i.bsp_Init) for bsp_Init
    main.o(i.main) refers to main.o(i.AppTaskCreate) for AppTaskCreate
    main.o(i.main) refers to main.o(i.AppObjCreate) for AppObjCreate
    main.o(i.main) refers to tasks.o(i.vTaskStartScheduler) for vTaskStartScheduler
    main.o(i.vTaskLED) refers to queue.o(i.xQueueReceive) for xQueueReceive
    main.o(i.vTaskLED) refers to printf1.o(i.__0printf$1) for __2printf
    main.o(i.vTaskLED) refers to bsp_led.o(i.bsp_LedToggle) for bsp_LedToggle
    main.o(i.vTaskLED) refers to main.o(.data) for xQueue2
    main.o(i.vTaskMsgPro) refers to queue.o(i.xQueueReceive) for xQueueReceive
    main.o(i.vTaskMsgPro) refers to printf1.o(i.__0printf$1) for __2printf
    main.o(i.vTaskMsgPro) refers to bsp_led.o(i.bsp_LedToggle) for bsp_LedToggle
    main.o(i.vTaskMsgPro) refers to main.o(.data) for xQueue1
    main.o(i.vTaskStart) refers to bsp_key.o(i.bsp_KeyScan) for bsp_KeyScan
    main.o(i.vTaskStart) refers to tasks.o(i.vTaskDelay) for vTaskDelay
    main.o(i.vTaskTaskUserIF) refers to bsp_key.o(i.bsp_GetKey) for bsp_GetKey
    main.o(i.vTaskTaskUserIF) refers to queue.o(i.xQueueGenericSend) for xQueueGenericSend
    main.o(i.vTaskTaskUserIF) refers to printf1.o(i.__0printf$1) for __2printf
    main.o(i.vTaskTaskUserIF) refers to tasks.o(i.vTaskDelay) for vTaskDelay
    main.o(i.vTaskTaskUserIF) refers to main.o(.bss) for g_tMsg
    main.o(i.vTaskTaskUserIF) refers to main.o(.data) for xQueue1
    bsp.o(i.bsp_Init) refers to misc.o(i.NVIC_PriorityGroupConfig) for NVIC_PriorityGroupConfig
    bsp.o(i.bsp_Init) refers to bsp_uart_fifo.o(i.bsp_InitUart) for bsp_InitUart
    bsp.o(i.bsp_Init) refers to bsp_led.o(i.bsp_InitLed) for bsp_InitLed
    bsp.o(i.bsp_Init) refers to bsp_key.o(i.bsp_InitKey) for bsp_InitKey
    bsp_key.o(i.bsp_ClearKey) refers to bsp_key.o(.bss) for s_tKey
    bsp_key.o(i.bsp_DetectKey) refers to bsp_key.o(i.bsp_PutKey) for bsp_PutKey
    bsp_key.o(i.bsp_DetectKey) refers to bsp_key.o(.bss) for s_tBtn
    bsp_key.o(i.bsp_GetKey) refers to bsp_key.o(.bss) for s_tKey
    bsp_key.o(i.bsp_GetKey2) refers to bsp_key.o(.bss) for s_tKey
    bsp_key.o(i.bsp_GetKeyState) refers to bsp_key.o(.bss) for s_tBtn
    bsp_key.o(i.bsp_InitKey) refers to bsp_key.o(i.bsp_InitKeyVar) for bsp_InitKeyVar
    bsp_key.o(i.bsp_InitKey) refers to bsp_key.o(i.bsp_InitKeyHard) for bsp_InitKeyHard
    bsp_key.o(i.bsp_InitKeyHard) refers to stm32f10x_rcc.o(i.RCC_APB2PeriphClockCmd) for RCC_APB2PeriphClockCmd
    bsp_key.o(i.bsp_InitKeyHard) refers to stm32f10x_gpio.o(i.GPIO_Init) for GPIO_Init
    bsp_key.o(i.bsp_InitKeyVar) refers to bsp_key.o(.bss) for s_tKey
    bsp_key.o(i.bsp_InitKeyVar) refers to bsp_key.o(i.IsKeyDown1) for IsKeyDown1
    bsp_key.o(i.bsp_InitKeyVar) refers to bsp_key.o(i.IsKeyDown2) for IsKeyDown2
    bsp_key.o(i.bsp_InitKeyVar) refers to bsp_key.o(i.IsKeyDown3) for IsKeyDown3
    bsp_key.o(i.bsp_InitKeyVar) refers to bsp_key.o(i.IsKeyDown4) for IsKeyDown4
    bsp_key.o(i.bsp_InitKeyVar) refers to bsp_key.o(i.IsKeyDown5) for IsKeyDown5
    bsp_key.o(i.bsp_InitKeyVar) refers to bsp_key.o(i.IsKeyDown6) for IsKeyDown6
    bsp_key.o(i.bsp_InitKeyVar) refers to bsp_key.o(i.IsKeyDown7) for IsKeyDown7
    bsp_key.o(i.bsp_InitKeyVar) refers to bsp_key.o(i.IsKeyDown8) for IsKeyDown8
    bsp_key.o(i.bsp_InitKeyVar) refers to bsp_key.o(i.IsKeyDown9) for IsKeyDown9
    bsp_key.o(i.bsp_InitKeyVar) refers to bsp_key.o(i.IsKeyDown10) for IsKeyDown10
    bsp_key.o(i.bsp_KeyScan) refers to bsp_key.o(i.bsp_DetectKey) for bsp_DetectKey
    bsp_key.o(i.bsp_PutKey) refers to bsp_key.o(.bss) for s_tKey
    bsp_key.o(i.bsp_SetKeyParam) refers to bsp_key.o(.bss) for s_tBtn
    bsp_led.o(i.bsp_InitLed) refers to stm32f10x_rcc.o(i.RCC_APB2PeriphClockCmd) for RCC_APB2PeriphClockCmd
    bsp_led.o(i.bsp_InitLed) refers to bsp_led.o(i.bsp_LedOff) for bsp_LedOff
[...]
    Removing stm32f10x_pwr.o(i.PWR_WakeUpPinCmd), (12 bytes).
    Removing stm32f10x_rcc.o(.rev16_text), (4 bytes).
    Removing stm32f10x_rcc.o(.revsh_text), (4 bytes).
    Removing stm32f10x_rcc.o(i.RCC_ADCCLKConfig), (24 bytes).
    Removing stm32f10x_rcc.o(i.RCC_AHBPeriphClockCmd), (32 bytes).
    Removing stm32f10x_rcc.o(i.RCC_APB1PeriphClockCmd), (32 bytes).
    Removing stm32f10x_rcc.o(i.RCC_APB1PeriphResetCmd), (32 bytes).
    Removing stm32f10x_rcc.o(i.RCC_APB2PeriphResetCmd), (32 bytes).
    Removing stm32f10x_rcc.o(i.RCC_AdjustHSICalibrationValue), (24 bytes).
    Removing stm32f10x_rcc.o(i.RCC_BackupResetCmd), (12 bytes).
    Removing stm32f10x_rcc.o(i.RCC_ClearFlag), (20 bytes).
    Removing stm32f10x_rcc.o(i.RCC_ClearITPendingBit), (12 bytes).
    Removing stm32f10x_rcc.o(i.RCC_ClockSecuritySystemCmd), (12 bytes).
    Removing stm32f10x_rcc.o(i.RCC_DeInit), (76 bytes).
    Removing stm32f10x_rcc.o(i.RCC_GetFlagStatus), (60 bytes).
    Removing stm32f10x_rcc.o(i.RCC_GetITStatus), (24 bytes).
    Removing stm32f10x_rcc.o(i.RCC_GetSYSCLKSource), (16 bytes).
    Removing stm32f10x_rcc.o(i.RCC_HCLKConfig), (24 bytes).
    Removing stm32f10x_rcc.o(i.RCC_HSEConfig), (76 bytes).
    Removing stm32f10x_rcc.o(i.RCC_HSICmd), (12 bytes).
    Removing stm32f10x_rcc.o(i.RCC_ITConfig), (32 bytes).
    Removing stm32f10x_rcc.o(i.RCC_LSEConfig), (52 bytes).
    Removing stm32f10x_rcc.o(i.RCC_LSICmd), (12 bytes).
    Removing stm32f10x_rcc.o(i.RCC_MCOConfig), (12 bytes).
    Removing stm32f10x_rcc.o(i.RCC_PCLK1Config), (24 bytes).
    Removing stm32f10x_rcc.o(i.RCC_PCLK2Config), (24 bytes).
    Removing stm32f10x_rcc.o(i.RCC_PLLCmd), (12 bytes).
    Removing stm32f10x_rcc.o(i.RCC_PLLConfig), (28 bytes).
    Removing stm32f10x_rcc.o(i.RCC_RTCCLKCmd), (12 bytes).
    Removing stm32f10x_rcc.o(i.RCC_RTCCLKConfig), (16 bytes).
    Removing stm32f10x_rcc.o(i.RCC_SYSCLKConfig), (24 bytes).
    Removing stm32f10x_rcc.o(i.RCC_USBCLKConfig), (12 bytes).
    Removing stm32f10x_rcc.o(i.RCC_WaitForHSEStartUp), (56 bytes).
    Removing stm32f10x_usart.o(.rev16_text), (4 bytes).
    Removing stm32f10x_usart.o(.revsh_text), (4 bytes).
    Removing stm32f10x_usart.o(i.USART_ClearITPendingBit), (30 bytes).
    Removing stm32f10x_usart.o(i.USART_ClockInit), (34 bytes).
    Removing stm32f10x_usart.o(i.USART_ClockStructInit), (12 bytes).
    Removing stm32f10x_usart.o(i.USART_DMACmd), (18 bytes).
    Removing stm32f10x_usart.o(i.USART_DeInit), (156 bytes).
    Removing stm32f10x_usart.o(i.USART_HalfDuplexCmd), (24 bytes).
    Removing stm32f10x_usart.o(i.USART_IrDACmd), (24 bytes).
    Removing stm32f10x_usart.o(i.USART_IrDAConfig), (18 bytes).
    Removing stm32f10x_usart.o(i.USART_LINBreakDetectLengthConfig), (18 bytes).
    Removing stm32f10x_usart.o(i.USART_LINCmd), (24 bytes).
    Removing stm32f10x_usart.o(i.USART_OneBitMethodCmd), (24 bytes).
    Removing stm32f10x_usart.o(i.USART_OverSampling8Cmd), (22 bytes).
    Removing stm32f10x_usart.o(i.USART_ReceiverWakeUpCmd), (24 bytes).
    Removing stm32f10x_usart.o(i.USART_SendBreak), (10 bytes).
    Removing stm32f10x_usart.o(i.USART_SetAddress), (18 bytes).
    Removing stm32f10x_usart.o(i.USART_SetGuardTime), (16 bytes).
    Removing stm32f10x_usart.o(i.USART_SetPrescaler), (16 bytes).
    Removing stm32f10x_usart.o(i.USART_SmartCardCmd), (24 bytes).
    Removing stm32f10x_usart.o(i.USART_SmartCardNACKCmd), (24 bytes).
    Removing stm32f10x_usart.o(i.USART_StructInit), (24 bytes).
    Removing stm32f10x_usart.o(i.USART_WakeUpConfig), (18 bytes).
    Removing stm32f10x_flash.o(.rev16_text), (4 bytes).
    Removing stm32f10x_flash.o(.revsh_text), (4 bytes).
    Removing stm32f10x_flash.o(i.FLASH_ClearFlag), (12 bytes).
    Removing stm32f10x_flash.o(i.FLASH_EnableWriteProtection), (196 bytes).
    Removing stm32f10x_flash.o(i.FLASH_EraseAllBank1Pages), (72 bytes).
    Removing stm32f10x_flash.o(i.FLASH_EraseAllPages), (72 bytes).
    Removing stm32f10x_flash.o(i.FLASH_EraseOptionBytes), (168 bytes).
    Removing stm32f10x_flash.o(i.FLASH_ErasePage), (76 bytes).
    Removing stm32f10x_flash.o(i.FLASH_GetBank1Status), (52 bytes).
    Removing stm32f10x_flash.o(i.FLASH_GetFlagStatus), (48 bytes).
    Removing stm32f10x_flash.o(i.FLASH_GetPrefetchBufferStatus), (24 bytes).
    Removing stm32f10x_flash.o(i.FLASH_GetReadOutProtectionStatus), (24 bytes).
    Removing stm32f10x_flash.o(i.FLASH_GetStatus), (52 bytes).
    Removing stm32f10x_flash.o(i.FLASH_GetUserOptionByte), (12 bytes).
    Removing stm32f10x_flash.o(i.FLASH_GetWriteProtectionOptionByte), (12 bytes).
    Removing stm32f10x_flash.o(i.FLASH_HalfCycleAccessCmd), (28 bytes).
    Removing stm32f10x_flash.o(i.FLASH_ITConfig), (32 bytes).
    Removing stm32f10x_flash.o(i.FLASH_Lock), (20 bytes).
    Removing stm32f10x_flash.o(i.FLASH_LockBank1), (20 bytes).
    Removing stm32f10x_flash.o(i.FLASH_PrefetchBufferCmd), (28 bytes).
    Removing stm32f10x_flash.o(i.FLASH_ProgramHalfWord), (64 bytes).
    Removing stm32f10x_flash.o(i.FLASH_ProgramOptionByteData), (84 bytes).
    Removing stm32f10x_flash.o(i.FLASH_ProgramWord), (108 bytes).
    Removing stm32f10x_flash.o(i.FLASH_ReadOutProtection), (172 bytes).
    Removing stm32f10x_flash.o(i.FLASH_SetLatency), (24 bytes).
    Removing stm32f10x_flash.o(i.FLASH_Unlock), (24 bytes).
    Removing stm32f10x_flash.o(i.FLASH_UnlockBank1), (24 bytes).
    Removing stm32f10x_flash.o(i.FLASH_UserOptionByteConfig), (104 bytes).
    Removing stm32f10x_flash.o(i.FLASH_WaitForLastBank1Operation), (38 bytes).
    Removing stm32f10x_flash.o(i.FLASH_WaitForLastOperation), (38 bytes).
    Removing stm32f10x_tim.o(.rev16_text), (4 bytes).
    Removing stm32f10x_tim.o(.revsh_text), (4 bytes).
    Removing stm32f10x_tim.o(i.TI1_Config), (128 bytes).
    Removing stm32f10x_tim.o(i.TI2_Config), (152 bytes).
    Removing stm32f10x_tim.o(i.TI3_Config), (144 bytes).
    Removing stm32f10x_tim.o(i.TI4_Config), (152 bytes).
    Removing stm32f10x_tim.o(i.TIM_ARRPreloadConfig), (24 bytes).
    Removing stm32f10x_tim.o(i.TIM_BDTRConfig), (32 bytes).
    Removing stm32f10x_tim.o(i.TIM_BDTRStructInit), (18 bytes).
    Removing stm32f10x_tim.o(i.TIM_CCPreloadControl), (24 bytes).
    Removing stm32f10x_tim.o(i.TIM_CCxCmd), (30 bytes).
    Removing stm32f10x_tim.o(i.TIM_CCxNCmd), (30 bytes).
    Removing stm32f10x_tim.o(i.TIM_ClearFlag), (6 bytes).
    Removing stm32f10x_tim.o(i.TIM_ClearITPendingBit), (6 bytes).
    Removing stm32f10x_tim.o(i.TIM_ClearOC1Ref), (18 bytes).
    Removing stm32f10x_tim.o(i.TIM_ClearOC2Ref), (24 bytes).
    Removing stm32f10x_tim.o(i.TIM_ClearOC3Ref), (18 bytes).
    Removing stm32f10x_tim.o(i.TIM_ClearOC4Ref), (24 bytes).
    Removing stm32f10x_tim.o(i.TIM_Cmd), (24 bytes).
    Removing stm32f10x_tim.o(i.TIM_CounterModeConfig), (18 bytes).
    Removing stm32f10x_tim.o(i.TIM_CtrlPWMOutputs), (30 bytes).
    Removing stm32f10x_tim.o(i.TIM_DMACmd), (18 bytes).
    Removing stm32f10x_tim.o(i.TIM_DMAConfig), (10 bytes).
    Removing stm32f10x_tim.o(i.TIM_DeInit), (488 bytes).
    Removing stm32f10x_tim.o(i.TIM_ETRClockMode1Config), (54 bytes).
    Removing stm32f10x_tim.o(i.TIM_ETRClockMode2Config), (32 bytes).
    Removing stm32f10x_tim.o(i.TIM_ETRConfig), (28 bytes).
    Removing stm32f10x_tim.o(i.TIM_EncoderInterfaceConfig), (66 bytes).
    Removing stm32f10x_tim.o(i.TIM_ForcedOC1Config), (18 bytes).
    Removing stm32f10x_tim.o(i.TIM_ForcedOC2Config), (26 bytes).
    Removing stm32f10x_tim.o(i.TIM_ForcedOC3Config), (18 bytes).
    Removing stm32f10x_tim.o(i.TIM_ForcedOC4Config), (26 bytes).
    Removing stm32f10x_tim.o(i.TIM_GenerateEvent), (4 bytes).
    Removing stm32f10x_tim.o(i.TIM_GetCapture1), (6 bytes).
    Removing stm32f10x_tim.o(i.TIM_GetCapture2), (6 bytes).
    Removing stm32f10x_tim.o(i.TIM_GetCapture3), (6 bytes).
    Removing stm32f10x_tim.o(i.TIM_GetCapture4), (8 bytes).
    Removing stm32f10x_tim.o(i.TIM_GetCounter), (6 bytes).
    Removing stm32f10x_tim.o(i.TIM_GetFlagStatus), (18 bytes).
    Removing stm32f10x_tim.o(i.TIM_GetITStatus), (34 bytes).
    Removing stm32f10x_tim.o(i.TIM_GetPrescaler), (6 bytes).
    Removing stm32f10x_tim.o(i.TIM_ICInit), (172 bytes).
    Removing stm32f10x_tim.o(i.TIM_ICStructInit), (18 bytes).
    Removing stm32f10x_tim.o(i.TIM_ITConfig), (18 bytes).
    Removing stm32f10x_tim.o(i.TIM_ITRxExternalClockConfig), (24 bytes).
    Removing stm32f10x_tim.o(i.TIM_InternalClockConfig), (12 bytes).
    Removing stm32f10x_tim.o(i.TIM_OC1FastConfig), (18 bytes).
    Removing stm32f10x_tim.o(i.TIM_OC1Init), (152 bytes).
    Removing stm32f10x_tim.o(i.TIM_OC1NPolarityConfig), (18 bytes).
    Removing stm32f10x_tim.o(i.TIM_OC1PolarityConfig), (18 bytes).
    Removing stm32f10x_tim.o(i.TIM_OC1PreloadConfig), (18 bytes).
    Removing stm32f10x_tim.o(i.TIM_OC2FastConfig), (26 bytes).
    Removing stm32f10x_tim.o(i.TIM_OC2Init), (164 bytes).
    Removing stm32f10x_tim.o(i.TIM_OC2NPolarityConfig), (26 bytes).
    Removing stm32f10x_tim.o(i.TIM_OC2PolarityConfig), (26 bytes).
    Removing stm32f10x_tim.o(i.TIM_OC2PreloadConfig), (26 bytes).
    Removing stm32f10x_tim.o(i.TIM_OC3FastConfig), (18 bytes).
    Removing stm32f10x_tim.o(i.TIM_OC3Init), (160 bytes).
    Removing stm32f10x_tim.o(i.TIM_OC3NPolarityConfig), (26 bytes).
    Removing stm32f10x_tim.o(i.TIM_OC3PolarityConfig), (26 bytes).
    Removing stm32f10x_tim.o(i.TIM_OC3PreloadConfig), (18 bytes).
    Removing stm32f10x_tim.o(i.TIM_OC4FastConfig), (26 bytes).
    Removing stm32f10x_tim.o(i.TIM_OC4Init), (124 bytes).
    Removing stm32f10x_tim.o(i.TIM_OC4PolarityConfig), (26 bytes).
    Removing stm32f10x_tim.o(i.TIM_OC4PreloadConfig), (26 bytes).
    Removing stm32f10x_tim.o(i.TIM_OCStructInit), (20 bytes).
    Removing stm32f10x_tim.o(i.TIM_PWMIConfig), (124 bytes).
    Removing stm32f10x_tim.o(i.TIM_PrescalerConfig), (6 bytes).
    Removing stm32f10x_tim.o(i.TIM_SelectCCDMA), (24 bytes).
    Removing stm32f10x_tim.o(i.TIM_SelectCOM), (24 bytes).
    Removing stm32f10x_tim.o(i.TIM_SelectHallSensor), (24 bytes).
    Removing stm32f10x_tim.o(i.TIM_SelectInputTrigger), (18 bytes).
    Removing stm32f10x_tim.o(i.TIM_SelectMasterSlaveMode), (18 bytes).
    Removing stm32f10x_tim.o(i.TIM_SelectOCxM), (82 bytes).
    Removing stm32f10x_tim.o(i.TIM_SelectOnePulseMode), (18 bytes).
    Removing stm32f10x_tim.o(i.TIM_SelectOutputTrigger), (18 bytes).
    Removing stm32f10x_tim.o(i.TIM_SelectSlaveMode), (18 bytes).
    Removing stm32f10x_tim.o(i.TIM_SetAutoreload), (4 bytes).
    Removing stm32f10x_tim.o(i.TIM_SetClockDivision), (18 bytes).
    Removing stm32f10x_tim.o(i.TIM_SetCompare1), (4 bytes).
    Removing stm32f10x_tim.o(i.TIM_SetCompare2), (4 bytes).
    Removing stm32f10x_tim.o(i.TIM_SetCompare3), (4 bytes).
    Removing stm32f10x_tim.o(i.TIM_SetCompare4), (6 bytes).
    Removing stm32f10x_tim.o(i.TIM_SetCounter), (4 bytes).
    Removing stm32f10x_tim.o(i.TIM_SetIC1Prescaler), (18 bytes).
    Removing stm32f10x_tim.o(i.TIM_SetIC2Prescaler), (26 bytes).
    Removing stm32f10x_tim.o(i.TIM_SetIC3Prescaler), (18 bytes).
    Removing stm32f10x_tim.o(i.TIM_SetIC4Prescaler), (26 bytes).
    Removing stm32f10x_tim.o(i.TIM_TIxExternalClockConfig), (62 bytes).
    Removing stm32f10x_tim.o(i.TIM_TimeBaseInit), (164 bytes).
    Removing stm32f10x_tim.o(i.TIM_TimeBaseStructInit), (18 bytes).
    Removing stm32f10x_tim.o(i.TIM_UpdateDisableConfig), (24 bytes).
    Removing stm32f10x_tim.o(i.TIM_UpdateRequestConfig), (24 bytes).
    Removing system_stm32f10x.o(.rev16_text), (4 bytes).
    Removing system_stm32f10x.o(.revsh_text), (4 bytes).
    Removing system_stm32f10x.o(i.SystemCoreClockUpdate), (164 bytes).
    Removing event_groups.o(i.prvTestWaitCondition), (30 bytes).
    Removing event_groups.o(i.uxEventGroupGetNumber), (14 bytes).
    Removing event_groups.o(i.vEventGroupClearBitsCallback), (16 bytes).
    Removing event_groups.o(i.vEventGroupDelete), (82 bytes).
    Removing event_groups.o(i.vEventGroupSetBitsCallback), (16 bytes).
    Removing event_groups.o(i.vEventGroupSetNumber), (4 bytes).
    Removing event_groups.o(i.xEventGroupClearBits), (92 bytes).
    Removing event_groups.o(i.xEventGroupCreate), (26 bytes).
    Removing event_groups.o(i.xEventGroupGetBitsFromISR), (44 bytes).
    Removing event_groups.o(i.xEventGroupSetBits), (206 bytes).
    Removing event_groups.o(i.xEventGroupSync), (236 bytes).
    Removing event_groups.o(i.xEventGroupWaitBits), (300 bytes).
    Removing queue.o(i.pcQueueGetName), (44 bytes).
    Removing queue.o(i.prvGetDisinheritPriorityAfterTimeout), (20 bytes).
    Removing queue.o(i.prvInitialiseMutex), (30 bytes).
    Removing queue.o(i.ucQueueGetQueueType), (8 bytes).
    Removing queue.o(i.uxQueueGetQueueNumber), (6 bytes).
    Removing queue.o(i.uxQueueMessagesWaiting), (42 bytes).
    Removing queue.o(i.uxQueueMessagesWaitingFromISR), (34 bytes).
    Removing queue.o(i.uxQueueSpacesAvailable), (48 bytes).
    Removing queue.o(i.vQueueAddToRegistry), (44 bytes).
    Removing queue.o(i.vQueueDelete), (44 bytes).
    Removing queue.o(i.vQueueSetQueueNumber), (4 bytes).
    Removing queue.o(i.vQueueUnregisterQueue), (48 bytes).
    Removing queue.o(i.xQueueCreateCountingSemaphore), (92 bytes).
    Removing queue.o(i.xQueueCreateMutex), (34 bytes).
    Removing queue.o(i.xQueueGenericSendFromISR), (248 bytes).
    Removing queue.o(i.xQueueGiveFromISR), (224 bytes).
    Removing queue.o(i.xQueueGiveMutexRecursive), (72 bytes).
    Removing queue.o(i.xQueueIsQueueEmptyFromISR), (42 bytes).
    Removing queue.o(i.xQueueIsQueueFullFromISR), (46 bytes).
    Removing queue.o(i.xQueuePeek), (328 bytes).
    Removing queue.o(i.xQueuePeekFromISR), (176 bytes).
    Removing queue.o(i.xQueueReceiveFromISR), (202 bytes).
    Removing queue.o(i.xQueueSemaphoreTake), (400 bytes).
    Removing queue.o(i.xQueueTakeMutexRecursive), (78 bytes).
    Removing queue.o(.bss), (64 bytes).
    Removing tasks.o(i.eTaskGetState), (148 bytes).
    Removing tasks.o(i.pcTaskGetName), (48 bytes).
    Removing tasks.o(i.prvListTasksWithinSingleList), (106 bytes).
    Removing tasks.o(i.prvTaskCheckFreeStackSpace), (22 bytes).
    Removing tasks.o(i.prvTaskIsTaskSuspended), (88 bytes).
    Removing tasks.o(i.pvTaskIncrementMutexHeldCount), (32 bytes).
    Removing tasks.o(i.ulTaskNotifyTake), (116 bytes).
    Removing tasks.o(i.uxTaskGetNumberOfTasks), (12 bytes).
    Removing tasks.o(i.uxTaskGetSystemState), (176 bytes).
    Removing tasks.o(i.uxTaskGetTaskNumber), (14 bytes).
    Removing tasks.o(i.uxTaskPriorityGet), (36 bytes).
    Removing tasks.o(i.uxTaskPriorityGetFromISR), (68 bytes).
    Removing tasks.o(i.uxTaskResetEventItemValue), (28 bytes).
    Removing tasks.o(i.vTaskDelayUntil), (212 bytes).
    Removing tasks.o(i.vTaskDelete), (244 bytes).
    Removing tasks.o(i.vTaskEndScheduler), (36 bytes).
    Removing tasks.o(i.vTaskGetInfo), (132 bytes).
    Removing tasks.o(i.vTaskNotifyGiveFromISR), (240 bytes).
    Removing tasks.o(i.vTaskPlaceOnUnorderedEventList), (108 bytes).
    Removing tasks.o(i.vTaskPriorityDisinheritAfterTimeout), (244 bytes).
    Removing tasks.o(i.vTaskPrioritySet), (276 bytes).
    Removing tasks.o(i.vTaskRemoveFromUnorderedEventList), (164 bytes).
    Removing tasks.o(i.vTaskResume), (144 bytes).
    Removing tasks.o(i.vTaskSetTaskNumber), (8 bytes).
    Removing tasks.o(i.vTaskSetTimeOutState), (60 bytes).
    Removing tasks.o(i.vTaskSuspend), (244 bytes).
    Removing tasks.o(i.xTaskGenericNotify), (300 bytes).
    Removing tasks.o(i.xTaskGenericNotifyFromISR), (360 bytes).
    Removing tasks.o(i.xTaskGetCurrentTaskHandle), (12 bytes).
    Removing tasks.o(i.xTaskGetTickCount), (12 bytes).
    Removing tasks.o(i.xTaskGetTickCountFromISR), (20 bytes).
    Removing tasks.o(i.xTaskNotifyStateClear), (52 bytes).
    Removing tasks.o(i.xTaskNotifyWait), (160 bytes).
    Removing tasks.o(i.xTaskPriorityInherit), (200 bytes).
    Removing tasks.o(i.xTaskResumeFromISR), (180 bytes).
    Removing port.o(i.vPortEndScheduler), (48 bytes).
    Removing port.o(i.vPortValidateInterruptPriority), (120 bytes).
    Removing heap_4.o(i.vPortInitialiseBlocks), (2 bytes).
    Removing heap_4.o(i.xPortGetFreeHeapSize), (12 bytes).
    Removing heap_4.o(i.xPortGetMinimumEverFreeHeapSize), (12 bytes).
    Removing dadd.o(.text), (334 bytes).
    Removing dmul.o(.text), (228 bytes).
    Removing ddiv.o(.text), (222 bytes).
    Removing dfixul.o(.text), (48 bytes).
    Removing cdrcmple.o(.text), (48 bytes).
    Removing depilogue.o(.text), (186 bytes).

393 unused section(s) (total 22436 bytes) removed from the image.

==============================================================================

Image Symbol Table

    Local Symbols

    Symbol Name                              Value     Ov Type        Size  Object(Section)

    ../clib/microlib/division.c              0x00000000   Number         0  ldiv.o ABSOLUTE
    ../clib/microlib/division.c              0x00000000   Number         0  uldiv.o ABSOLUTE
    ../clib/microlib/division.c              0x00000000   Number         0  uidiv.o ABSOLUTE
    ../clib/microlib/init/entry.s            0x00000000   Number         0  entry9a.o ABSOLUTE
    ../clib/microlib/init/entry.s            0x00000000   Number         0  entry10a.o ABSOLUTE
    ../clib/microlib/init/entry.s            0x00000000   Number         0  entry9b.o ABSOLUTE
    ../clib/microlib/init/entry.s            0x00000000   Number         0  entry7a.o ABSOLUTE
    ../clib/microlib/init/entry.s            0x00000000   Number         0  entry5.o ABSOLUTE
    ../clib/microlib/init/entry.s            0x00000000   Number         0  entry11b.o ABSOLUTE
    ../clib/microlib/init/entry.s            0x00000000   Number         0  entry7b.o ABSOLUTE
    ../clib/microlib/init/entry.s            0x00000000   Number         0  entry.o ABSOLUTE
    ../clib/microlib/init/entry.s            0x00000000   Number         0  entry8b.o ABSOLUTE
    ../clib/microlib/init/entry.s            0x00000000   Number         0  entry8a.o ABSOLUTE
    ../clib/microlib/init/entry.s            0x00000000   Number         0  entry11a.o ABSOLUTE
    ../clib/microlib/init/entry.s            0x00000000   Number         0  entry10b.o ABSOLUTE
    ../clib/microlib/init/entry.s            0x00000000   Number         0  entry2.o ABSOLUTE
    ../clib/microlib/longlong.c              0x00000000   Number         0  llshl.o ABSOLUTE
    ../clib/microlib/longlong.c              0x00000000   Number         0  llushr.o ABSOLUTE
    ../clib/microlib/longlong.c              0x00000000   Number         0  llsshr.o ABSOLUTE
    ../clib/microlib/printf/printf.c         0x00000000   Number         0  printf7.o ABSOLUTE
    ../clib/microlib/printf/printf.c         0x00000000   Number         0  printf5.o ABSOLUTE
    ../clib/microlib/printf/printf.c         0x00000000   Number         0  printf3.o ABSOLUTE
    ../clib/microlib/printf/printf.c         0x00000000   Number         0  printf4.o ABSOLUTE
    ../clib/microlib/printf/printf.c         0x00000000   Number         0  printf2.o ABSOLUTE
    ../clib/microlib/printf/printf.c         0x00000000   Number         0  printf1.o ABSOLUTE
    ../clib/microlib/printf/printf.c         0x00000000   Number         0  printf0.o ABSOLUTE
    ../clib/microlib/printf/printf.c         0x00000000   Number         0  printf8.o ABSOLUTE
    ../clib/microlib/printf/printf.c         0x00000000   Number         0  printfa.o ABSOLUTE
    ../clib/microlib/printf/printf.c         0x00000000   Number         0  printfb.o ABSOLUTE
    ../clib/microlib/printf/printf.c         0x00000000   Number         0  printf6.o ABSOLUTE
    ../clib/microlib/printf/stubs.s          0x00000000   Number         0  stubs.o ABSOLUTE
    ../clib/microlib/stdio/streams.c         0x00000000   Number         0  stdout.o ABSOLUTE
    ../clib/microlib/string/memcpy.c         0x00000000   Number         0  memcpyb.o ABSOLUTE
    ../clib/microlib/string/memcpy.c         0x00000000   Number         0  memcpya.o ABSOLUTE
    ../clib/microlib/string/memset.c         0x00000000   Number         0  memseta.o ABSOLUTE
    ../clib/microlib/string/strlen.c         0x00000000   Number         0  strlen.o ABSOLUTE
    ../clib/microlib/stubs.s                 0x00000000   Number         0  iusefp.o ABSOLUTE
    ../fplib/microlib/fpadd.c                0x00000000   Number         0  dadd.o ABSOLUTE
    ../fplib/microlib/fpdiv.c                0x00000000   Number         0  ddiv.o ABSOLUTE
    ../fplib/microlib/fpepilogue.c           0x00000000   Number         0  depilogue.o ABSOLUTE
    ../fplib/microlib/fpfix.c                0x00000000   Number         0  dfixul.o ABSOLUTE
    ../fplib/microlib/fpmul.c                0x00000000   Number         0  dmul.o ABSOLUTE
    ..\..\FreeRTOS\croutine.c                0x00000000   Number         0  croutine.o ABSOLUTE
    ..\..\FreeRTOS\event_groups.c            0x00000000   Number         0  event_groups.o ABSOLUTE
    ..\..\FreeRTOS\list.c                    0x00000000   Number         0  list.o ABSOLUTE
    ..\..\FreeRTOS\portable\MemMang\heap_4.c 0x00000000   Number         0  heap_4.o ABSOLUTE
    ..\..\FreeRTOS\portable\RVDS\ARM_CM3\port.c 0x00000000   Number         0  port.o ABSOLUTE
    ..\..\FreeRTOS\queue.c                   0x00000000   Number         0  queue.o ABSOLUTE
    ..\..\FreeRTOS\tasks.c                   0x00000000   Number         0  tasks.o ABSOLUTE
    ..\..\FreeRTOS\timers.c                  0x00000000   Number         0  timers.o ABSOLUTE
    ..\..\Libraries\CMSIS\Device\ST\STM32F10x\Source\Templates\arm\startup_stm32f10x_hd.s 0x00000000   Number         0  startup_stm32f10x_hd.o ABSOLUTE
    ..\..\Libraries\STM32F10x_StdPeriph_Driver\src\misc.c 0x00000000   Number         0  misc.o ABSOLUTE
    ..\..\Libraries\STM32F10x_StdPeriph_Driver\src\stm32f10x_bkp.c 0x00000000   Number         0  stm32f10x_bkp.o ABSOLUTE
    ..\..\Libraries\STM32F10x_StdPeriph_Driver\src\stm32f10x_exti.c 0x00000000   Number         0  stm32f10x_exti.o ABSOLUTE
    ..\..\Libraries\STM32F10x_StdPeriph_Driver\src\stm32f10x_flash.c 0x00000000   Number         0  stm32f10x_flash.o ABSOLUTE
    ..\..\Libraries\STM32F10x_StdPeriph_Driver\src\stm32f10x_gpio.c 0x00000000   Number         0  stm32f10x_gpio.o ABSOLUTE
    ..\..\Libraries\STM32F10x_StdPeriph_Driver\src\stm32f10x_pwr.c 0x00000000   Number         0  stm32f10x_pwr.o ABSOLUTE
    ..\..\Libraries\STM32F10x_StdPeriph_Driver\src\stm32f10x_rcc.c 0x00000000   Number         0  stm32f10x_rcc.o ABSOLUTE
    ..\..\Libraries\STM32F10x_StdPeriph_Driver\src\stm32f10x_tim.c 0x00000000   Number         0  stm32f10x_tim.o ABSOLUTE
    ..\..\Libraries\STM32F10x_StdPeriph_Driver\src\stm32f10x_usart.c 0x00000000   Number         0  stm32f10x_usart.o ABSOLUTE
    ..\User\bsp\bsp.c                        0x00000000   Number         0  bsp.o ABSOLUTE
    ..\User\bsp\src\bsp_dwt.c                0x00000000   Number         0  bsp_dwt.o ABSOLUTE
    ..\User\bsp\src\bsp_key.c                0x00000000   Number         0  bsp_key.o ABSOLUTE
    ..\User\bsp\src\bsp_led.c                0x00000000   Number         0  bsp_led.o ABSOLUTE
    ..\User\bsp\src\bsp_tim_pwm.c            0x00000000   Number         0  bsp_tim_pwm.o ABSOLUTE
    ..\User\bsp\src\bsp_uart_fifo.c          0x00000000   Number         0  bsp_uart_fifo.o ABSOLUTE
    ..\User\bsp\src\bsp_user_lib.c           0x00000000   Number         0  bsp_user_lib.o ABSOLUTE
    ..\User\bsp\stm32f10x_assert.c           0x00000000   Number         0  stm32f10x_assert.o ABSOLUTE
    ..\User\bsp\stm32f10x_it.c               0x00000000   Number         0  stm32f10x_it.o ABSOLUTE
    ..\User\bsp\system_stm32f10x.c           0x00000000   Number         0  system_stm32f10x.o ABSOLUTE
    ..\User\main.c                           0x00000000   Number         0  main.o ABSOLUTE
    ..\\..\\FreeRTOS\\portable\\RVDS\\ARM_CM3\\port.c 0x00000000   Number         0  port.o ABSOLUTE
    ..\\..\\Libraries\\STM32F10x_StdPeriph_Driver\\src\\misc.c 0x00000000   Number         0  misc.o ABSOLUTE
    ..\\..\\Libraries\\STM32F10x_StdPeriph_Driver\\src\\stm32f10x_bkp.c 0x00000000   Number         0  stm32f10x_bkp.o ABSOLUTE
    ..\\..\\Libraries\\STM32F10x_StdPeriph_Driver\\src\\stm32f10x_exti.c 0x00000000   Number         0  stm32f10x_exti.o ABSOLUTE
    ..\\..\\Libraries\\STM32F10x_StdPeriph_Driver\\src\\stm32f10x_flash.c 0x00000000   Number         0  stm32f10x_flash.o ABSOLUTE
    ..\\..\\Libraries\\STM32F10x_StdPeriph_Driver\\src\\stm32f10x_gpio.c 0x00000000   Number         0  stm32f10x_gpio.o ABSOLUTE
    ..\\..\\Libraries\\STM32F10x_StdPeriph_Driver\\src\\stm32f10x_pwr.c 0x00000000   Number         0  stm32f10x_pwr.o ABSOLUTE
    ..\\..\\Libraries\\STM32F10x_StdPeriph_Driver\\src\\stm32f10x_rcc.c 0x00000000   Number         0  stm32f10x_rcc.o ABSOLUTE
    ..\\..\\Libraries\\STM32F10x_StdPeriph_Driver\\src\\stm32f10x_tim.c 0x00000000   Number         0  stm32f10x_tim.o ABSOLUTE
    ..\\..\\Libraries\\STM32F10x_StdPeriph_Driver\\src\\stm32f10x_usart.c 0x00000000   Number         0  stm32f10x_usart.o ABSOLUTE
    ..\\User\\bsp\\bsp.c                     0x00000000   Number         0  bsp.o ABSOLUTE
    ..\\User\\bsp\\src\\bsp_dwt.c            0x00000000   Number         0  bsp_dwt.o ABSOLUTE
    ..\\User\\bsp\\src\\bsp_key.c            0x00000000   Number         0  bsp_key.o ABSOLUTE
    ..\\User\\bsp\\src\\bsp_led.c            0x00000000   Number         0  bsp_led.o ABSOLUTE
    ..\\User\\bsp\\src\\bsp_tim_pwm.c        0x00000000   Number         0  bsp_tim_pwm.o ABSOLUTE
    ..\\User\\bsp\\src\\bsp_uart_fifo.c      0x00000000   Number         0  bsp_uart_fifo.o ABSOLUTE
    ..\\User\\bsp\\src\\bsp_user_lib.c       0x00000000   Number         0  bsp_user_lib.o ABSOLUTE
    ..\\User\\bsp\\stm32f10x_assert.c        0x00000000   Number         0  stm32f10x_assert.o ABSOLUTE
    ..\\User\\bsp\\stm32f10x_it.c            0x00000000   Number         0  stm32f10x_it.o ABSOLUTE
    ..\\User\\bsp\\system_stm32f10x.c        0x00000000   Number         0  system_stm32f10x.o ABSOLUTE
    ..\\User\\main.c                         0x00000000   Number         0  main.o ABSOLUTE
    cdrcmple.s                               0x00000000   Number         0  cdrcmple.o ABSOLUTE
    dc.s                                     0x00000000   Number         0  dc.o ABSOLUTE
    handlers.s                               0x00000000   Number         0  handlers.o ABSOLUTE
    init.s                                   0x00000000   Number         0  init.o ABSOLUTE
    RESET                                    0x08000000   Section      304  startup_stm32f10x_hd.o(RESET)
    .ARM.Collect$$$$00000000                 0x08000130   Section        0  entry.o(.ARM.Collect$$$$00000000)
    .ARM.Collect$$$$00000001                 0x08000130   Section        4  entry2.o(.ARM.Collect$$$$00000001)
    .ARM.Collect$$$$00000004                 0x08000134   Section        4  entry5.o(.ARM.Collect$$$$00000004)
    .ARM.Collect$$$$00000008                 0x08000138   Section        0  entry7b.o(.ARM.Collect$$$$00000008)
    .ARM.Collect$$$$0000000A                 0x08000138   Section        0  entry8b.o(.ARM.Collect$$$$0000000A)
    .ARM.Collect$$$$0000000B                 0x08000138   Section        8  entry9a.o(.ARM.Collect$$$$0000000B)
    .ARM.Collect$$$$0000000D                 0x08000140   Section        0  entry10a.o(.ARM.Collect$$$$0000000D)
    .ARM.Collect$$$$0000000F                 0x08000140   Section        0  entry11a.o(.ARM.Collect$$$$0000000F)
    .ARM.Collect$$$$00002712                 0x08000140   Section        4  entry2.o(.ARM.Collect$$$$00002712)
    __lit__00000000                          0x08000140   Data           4  entry2.o(.ARM.Collect$$$$00002712)
    .emb_text                                0x08000144   Section      150  port.o(.emb_text)
    .text                                    0x080001dc   Section       36  startup_stm32f10x_hd.o(.text)
    .text                                    0x08000200   Section        0  memcpya.o(.text)
    .text                                    0x08000224   Section        0  memseta.o(.text)
    .text                                    0x08000248   Section        0  uidiv.o(.text)
    .text                                    0x08000274   Section       36  init.o(.text)
    i.AppObjCreate                           0x08000298   Section        0  main.o(i.AppObjCreate)
    AppObjCreate                             0x08000299   Thumb Code    32  main.o(i.AppObjCreate)
    i.AppTaskCreate                          0x080002c0   Section        0  main.o(i.AppTaskCreate)
    AppTaskCreate                            0x080002c1   Thumb Code    86  main.o(i.AppTaskCreate)
    i.BusFault_Handler                       0x08000360   Section        0  stm32f10x_it.o(i.BusFault_Handler)
    i.ConfigUartNVIC                         0x08000364   Section        0  bsp_uart_fifo.o(i.ConfigUartNVIC)
    ConfigUartNVIC                           0x08000365   Thumb Code    34  bsp_uart_fifo.o(i.ConfigUartNVIC)
    i.DebugMon_Handler                       0x08000386   Section        0  stm32f10x_it.o(i.DebugMon_Handler)
    i.GPIO_Init                              0x08000388   Section        0  stm32f10x_gpio.o(i.GPIO_Init)
    i.HardFault_Handler                      0x080004a0   Section        0  stm32f10x_it.o(i.HardFault_Handler)
    i.InitHardUart                           0x080004f8   Section        0  bsp_uart_fifo.o(i.InitHardUart)
    InitHardUart                             0x080004f9   Thumb Code   140  bsp_uart_fifo.o(i.InitHardUart)
    i.IsKeyDown1                             0x0800058c   Section        0  bsp_key.o(i.IsKeyDown1)
    IsKeyDown1                               0x0800058d   Thumb Code    38  bsp_key.o(i.IsKeyDown1)
    i.IsKeyDown10                            0x080005c0   Section        0  bsp_key.o(i.IsKeyDown10)
    IsKeyDown10                              0x080005c1   Thumb Code    38  bsp_key.o(i.IsKeyDown10)
    i.IsKeyDown2                             0x080005f4   Section        0  bsp_key.o(i.IsKeyDown2)
    IsKeyDown2                               0x080005f5   Thumb Code    38  bsp_key.o(i.IsKeyDown2)
    i.IsKeyDown3                             0x08000628   Section        0  bsp_key.o(i.IsKeyDown3)
    IsKeyDown3                               0x08000629   Thumb Code    38  bsp_key.o(i.IsKeyDown3)
    i.IsKeyDown4                             0x0800065c   Section        0  bsp_key.o(i.IsKeyDown4)
    IsKeyDown4                               0x0800065d   Thumb Code    18  bsp_key.o(i.IsKeyDown4)
    i.IsKeyDown5                             0x08000674   Section        0  bsp_key.o(i.IsKeyDown5)
    IsKeyDown5                               0x08000675   Thumb Code    18  bsp_key.o(i.IsKeyDown5)
    i.IsKeyDown6                             0x0800068c   Section        0  bsp_key.o(i.IsKeyDown6)
    IsKeyDown6                               0x0800068d   Thumb Code    18  bsp_key.o(i.IsKeyDown6)
    i.IsKeyDown7                             0x080006a4   Section        0  bsp_key.o(i.IsKeyDown7)
    IsKeyDown7                               0x080006a5   Thumb Code    18  bsp_key.o(i.IsKeyDown7)
    i.IsKeyDown8                             0x080006bc   Section        0  bsp_key.o(i.IsKeyDown8)
    IsKeyDown8                               0x080006bd   Thumb Code    18  bsp_key.o(i.IsKeyDown8)
    i.IsKeyDown9                             0x080006d4   Section        0  bsp_key.o(i.IsKeyDown9)
    IsKeyDown9                               0x080006d5   Thumb Code    38  bsp_key.o(i.IsKeyDown9)
    i.MemManage_Handler                      0x08000708   Section        0  stm32f10x_it.o(i.MemManage_Handler)
    i.NMI_Handler                            0x0800070c   Section        0  stm32f10x_it.o(i.NMI_Handler)
    i.NVIC_Init                              0x08000710   Section        0  misc.o(i.NVIC_Init)
    i.NVIC_PriorityGroupConfig               0x08000780   Section        0  misc.o(i.NVIC_PriorityGroupConfig)
    i.OS_PostSleepProcessing                 0x08000794   Section        0  main.o(i.OS_PostSleepProcessing)
    i.OS_PreSleepProcessing                  0x080007b2   Section        0  main.o(i.OS_PreSleepProcessing)
    i.RCC_APB2PeriphClockCmd                 0x080007d4   Section        0  stm32f10x_rcc.o(i.RCC_APB2PeriphClockCmd)
    i.RCC_GetClocksFreq                      0x080007f4   Section        0  stm32f10x_rcc.o(i.RCC_GetClocksFreq)
    i.RS485_InitTXE                          0x080008c8   Section        0  bsp_uart_fifo.o(i.RS485_InitTXE)
    i.SetSysClock                            0x080008f4   Section        0  system_stm32f10x.o(i.SetSysClock)
    SetSysClock                              0x080008f5   Thumb Code     8  system_stm32f10x.o(i.SetSysClock)
    i.SetSysClockTo72                        0x080008fc   Section        0  system_stm32f10x.o(i.SetSysClockTo72)
    SetSysClockTo72                          0x080008fd   Thumb Code   214  system_stm32f10x.o(i.SetSysClockTo72)
    i.SysTick_Handler                        0x080009dc   Section        0  port.o(i.SysTick_Handler)
    i.SystemInit                             0x08000a10   Section        0  system_stm32f10x.o(i.SystemInit)
    i.USART1_IRQHandler                      0x08000a70   Section        0  bsp_uart_fifo.o(i.USART1_IRQHandler)
    i.USART_ClearFlag                        0x08000a80   Section        0  stm32f10x_usart.o(i.USART_ClearFlag)
    i.USART_Cmd                              0x08000a92   Section        0  stm32f10x_usart.o(i.USART_Cmd)
    i.USART_GetFlagStatus                    0x08000aaa   Section        0  stm32f10x_usart.o(i.USART_GetFlagStatus)
    i.USART_GetITStatus                      0x08000ac4   Section        0  stm32f10x_usart.o(i.USART_GetITStatus)
    i.USART_ITConfig                         0x08000b18   Section        0  stm32f10x_usart.o(i.USART_ITConfig)
    i.USART_Init                             0x08000b64   Section        0  stm32f10x_usart.o(i.USART_Init)
    i.USART_ReceiveData                      0x08000c3c   Section        0  stm32f10x_usart.o(i.USART_ReceiveData)
    i.USART_SendData                         0x08000c46   Section        0  stm32f10x_usart.o(i.USART_SendData)
    i.UartIRQ                                0x08000c4e   Section        0  bsp_uart_fifo.o(i.UartIRQ)
    UartIRQ                                  0x08000c4f   Thumb Code   230  bsp_uart_fifo.o(i.UartIRQ)
    i.UartVarInit                            0x08000d34   Section        0  bsp_uart_fifo.o(i.UartVarInit)
    UartVarInit                              0x08000d35   Thumb Code    44  bsp_uart_fifo.o(i.UartVarInit)
    i.UsageFault_Handler                     0x08000d70   Section        0  stm32f10x_it.o(i.UsageFault_Handler)
    i.__0printf$1                            0x08000d74   Section        0  printf1.o(i.__0printf$1)
    i.__scatterload_copy                     0x08000d94   Section       14  handlers.o(i.__scatterload_copy)
    i.__scatterload_null                     0x08000da2   Section        2  handlers.o(i.__scatterload_null)
    i.__scatterload_zeroinit                 0x08000da4   Section       14  handlers.o(i.__scatterload_zeroinit)
    i._printf_core                           0x08000db4   Section        0  printf1.o(i._printf_core)
    _printf_core                             0x08000db5   Thumb Code   336  printf1.o(i._printf_core)
    i.bsp_DetectKey                          0x08000f08   Section        0  bsp_key.o(i.bsp_DetectKey)
    bsp_DetectKey                            0x08000f09   Thumb Code   198  bsp_key.o(i.bsp_DetectKey)
    i.bsp_GetKey                             0x08000fd4   Section        0  bsp_key.o(i.bsp_GetKey)
    i.bsp_Init                               0x08001008   Section        0  bsp.o(i.bsp_Init)
    i.bsp_InitKey                            0x08001020   Section        0  bsp_key.o(i.bsp_InitKey)
    i.bsp_InitKeyHard                        0x0800102c   Section        0  bsp_key.o(i.bsp_InitKeyHard)
    bsp_InitKeyHard                          0x0800102d   Thumb Code   146  bsp_key.o(i.bsp_InitKeyHard)
    i.bsp_InitKeyVar                         0x080010d0   Section        0  bsp_key.o(i.bsp_InitKeyVar)
    bsp_InitKeyVar                           0x080010d1   Thumb Code   164  bsp_key.o(i.bsp_InitKeyVar)
    i.bsp_InitLed                            0x080011a4   Section        0  bsp_led.o(i.bsp_InitLed)
    i.bsp_InitUart                           0x08001214   Section        0  bsp_uart_fifo.o(i.bsp_InitUart)
    i.bsp_KeyScan                            0x08001228   Section        0  bsp_key.o(i.bsp_KeyScan)
    i.bsp_LedOff                             0x08001240   Section        0  bsp_led.o(i.bsp_LedOff)
    i.bsp_LedToggle                          0x0800127c   Section        0  bsp_led.o(i.bsp_LedToggle)
    i.bsp_PutKey                             0x080012c8   Section        0  bsp_key.o(i.bsp_PutKey)
    i.eTaskConfirmSleepModeStatus            0x080012e8   Section        0  tasks.o(i.eTaskConfirmSleepModeStatus)
    i.fputc                                  0x08001324   Section        0  bsp_uart_fifo.o(i.fputc)
    i.main                                   0x08001348   Section        0  main.o(i.main)
    i.prvAddCurrentTaskToDelayedList         0x0800135c   Section        0  tasks.o(i.prvAddCurrentTaskToDelayedList)
    prvAddCurrentTaskToDelayedList           0x0800135d   Thumb Code   124  tasks.o(i.prvAddCurrentTaskToDelayedList)
    i.prvAddNewTaskToReadyList               0x080013f4   Section        0  tasks.o(i.prvAddNewTaskToReadyList)
    prvAddNewTaskToReadyList                 0x080013f5   Thumb Code   156  tasks.o(i.prvAddNewTaskToReadyList)
    i.prvCheckTasksWaitingTermination        0x080014ac   Section        0  tasks.o(i.prvCheckTasksWaitingTermination)
    prvCheckTasksWaitingTermination          0x080014ad   Thumb Code    60  tasks.o(i.prvCheckTasksWaitingTermination)
    i.prvCopyDataFromQueue                   0x080014f4   Section        0  queue.o(i.prvCopyDataFromQueue)
    prvCopyDataFromQueue                     0x080014f5   Thumb Code    42  queue.o(i.prvCopyDataFromQueue)
    i.prvCopyDataToQueue                     0x0800151e   Section        0  queue.o(i.prvCopyDataToQueue)
    prvCopyDataToQueue                       0x0800151f   Thumb Code   126  queue.o(i.prvCopyDataToQueue)
    i.prvDeleteTCB                           0x0800159c   Section        0  tasks.o(i.prvDeleteTCB)
    prvDeleteTCB                             0x0800159d   Thumb Code    18  tasks.o(i.prvDeleteTCB)
    i.prvGetExpectedIdleTime                 0x080015b0   Section        0  tasks.o(i.prvGetExpectedIdleTime)
    prvGetExpectedIdleTime                   0x080015b1   Thumb Code    56  tasks.o(i.prvGetExpectedIdleTime)
    i.prvHeapInit                            0x080015fc   Section        0  heap_4.o(i.prvHeapInit)
    prvHeapInit                              0x080015fd   Thumb Code    98  heap_4.o(i.prvHeapInit)
    i.prvIdleTask                            0x08001678   Section        0  tasks.o(i.prvIdleTask)
    prvIdleTask                              0x08001679   Thumb Code   108  tasks.o(i.prvIdleTask)
    i.prvInitialiseNewQueue                  0x080016f4   Section        0  queue.o(i.prvInitialiseNewQueue)
    prvInitialiseNewQueue                    0x080016f5   Thumb Code    42  queue.o(i.prvInitialiseNewQueue)
    i.prvInitialiseNewTask                   0x0800171e   Section        0  tasks.o(i.prvInitialiseNewTask)
    prvInitialiseNewTask                     0x0800171f   Thumb Code   190  tasks.o(i.prvInitialiseNewTask)
    i.prvInitialiseTaskLists                 0x080017dc   Section        0  tasks.o(i.prvInitialiseTaskLists)
    prvInitialiseTaskLists                   0x080017dd   Thumb Code    70  tasks.o(i.prvInitialiseTaskLists)
    i.prvInsertBlockIntoFreeList             0x08001844   Section        0  heap_4.o(i.prvInsertBlockIntoFreeList)
    prvInsertBlockIntoFreeList               0x08001845   Thumb Code    96  heap_4.o(i.prvInsertBlockIntoFreeList)
    i.prvIsQueueEmpty                        0x080018ac   Section        0  queue.o(i.prvIsQueueEmpty)
    prvIsQueueEmpty                          0x080018ad   Thumb Code    26  queue.o(i.prvIsQueueEmpty)
    i.prvIsQueueFull                         0x080018c6   Section        0  queue.o(i.prvIsQueueFull)
    prvIsQueueFull                           0x080018c7   Thumb Code    30  queue.o(i.prvIsQueueFull)
    i.prvResetNextTaskUnblockTime            0x080018e4   Section        0  tasks.o(i.prvResetNextTaskUnblockTime)
    prvResetNextTaskUnblockTime              0x080018e5   Thumb Code    42  tasks.o(i.prvResetNextTaskUnblockTime)
    i.prvTaskExitError                       0x08001918   Section        0  port.o(i.prvTaskExitError)
    prvTaskExitError                         0x08001919   Thumb Code    60  port.o(i.prvTaskExitError)
    i.prvUnlockQueue                         0x08001958   Section        0  queue.o(i.prvUnlockQueue)
    prvUnlockQueue                           0x08001959   Thumb Code   126  queue.o(i.prvUnlockQueue)
    i.pvPortMalloc                           0x080019d8   Section        0  heap_4.o(i.pvPortMalloc)
    i.pxPortInitialiseStack                  0x08001b14   Section        0  port.o(i.pxPortInitialiseStack)
    i.uxListRemove                           0x08001b38   Section        0  list.o(i.uxListRemove)
    i.vListInitialise                        0x08001b60   Section        0  list.o(i.vListInitialise)
    i.vListInitialiseItem                    0x08001b7a   Section        0  list.o(i.vListInitialiseItem)
    i.vListInsert                            0x08001b80   Section        0  list.o(i.vListInsert)
    i.vListInsertEnd                         0x08001bb4   Section        0  list.o(i.vListInsertEnd)
    i.vPortEnterCritical                     0x08001bcc   Section        0  port.o(i.vPortEnterCritical)
    i.vPortExitCritical                      0x08001c20   Section        0  port.o(i.vPortExitCritical)
    i.vPortFree                              0x08001c5c   Section        0  heap_4.o(i.vPortFree)
    i.vPortSetupTimerInterrupt               0x08001cf0   Section        0  port.o(i.vPortSetupTimerInterrupt)
    i.vPortSuppressTicksAndSleep             0x08001d58   Section        0  port.o(i.vPortSuppressTicksAndSleep)
    i.vTaskDelay                             0x08001eb0   Section        0  tasks.o(i.vTaskDelay)
    i.vTaskInternalSetTimeOutState           0x08001f0c   Section        0  tasks.o(i.vTaskInternalSetTimeOutState)
    i.vTaskLED                               0x08001f24   Section        0  main.o(i.vTaskLED)
    vTaskLED                                 0x08001f25   Thumb Code    70  main.o(i.vTaskLED)
    i.vTaskMissedYield                       0x08001ff4   Section        0  tasks.o(i.vTaskMissedYield)
    i.vTaskMsgPro                            0x08002000   Section        0  main.o(i.vTaskMsgPro)
    vTaskMsgPro                              0x08002001   Thumb Code    52  main.o(i.vTaskMsgPro)
    i.vTaskPlaceOnEventList                  0x08002064   Section        0  tasks.o(i.vTaskPlaceOnEventList)
    i.vTaskStart                             0x0800209c   Section        0  main.o(i.vTaskStart)
    vTaskStart                               0x0800209d   Thumb Code    14  main.o(i.vTaskStart)
    i.vTaskStartScheduler                    0x080020ac   Section        0  tasks.o(i.vTaskStartScheduler)
    i.vTaskStepTick                          0x08002134   Section        0  tasks.o(i.vTaskStepTick)
    i.vTaskSuspendAll                        0x08002174   Section        0  tasks.o(i.vTaskSuspendAll)
    i.vTaskSwitchContext                     0x08002184   Section        0  tasks.o(i.vTaskSwitchContext)
    i.vTaskTaskUserIF                        0x08002210   Section        0  main.o(i.vTaskTaskUserIF)
    vTaskTaskUserIF                          0x08002211   Thumb Code   172  main.o(i.vTaskTaskUserIF)
    i.xPortStartScheduler                    0x08002388   Section        0  port.o(i.xPortStartScheduler)
    i.xQueueGenericCreate                    0x08002480   Section        0  queue.o(i.xQueueGenericCreate)
    i.xQueueGenericReset                     0x080024dc   Section        0  queue.o(i.xQueueGenericReset)
    i.xQueueGenericSend                      0x08002574   Section        0  queue.o(i.xQueueGenericSend)
    i.xQueueReceive                          0x080026f4   Section        0  queue.o(i.xQueueReceive)
    i.xTaskCheckForTimeOut                   0x08002834   Section        0  tasks.o(i.xTaskCheckForTimeOut)
    i.xTaskCreate                            0x080028c0   Section        0  tasks.o(i.xTaskCreate)
    i.xTaskIncrementTick                     0x08002920   Section        0  tasks.o(i.xTaskIncrementTick)
    i.xTaskPriorityDisinherit                0x08002a68   Section        0  tasks.o(i.xTaskPriorityDisinherit)
    i.xTaskRemoveFromEventList               0x08002b30   Section        0  tasks.o(i.xTaskRemoveFromEventList)
    i.xTaskResumeAll                         0x08002bcc   Section        0  tasks.o(i.xTaskResumeAll)
    .data                                    0x20000000   Section       16  main.o(.data)
    xHandleTaskLED                           0x20000000   Data           4  main.o(.data)
    xHandleTaskMsgPro                        0x20000004   Data           4  main.o(.data)
    xQueue1                                  0x20000008   Data           4  main.o(.data)
    xQueue2                                  0x2000000c   Data           4  main.o(.data)
    .data                                    0x20000010   Section       20  stm32f10x_rcc.o(.data)
    APBAHBPrescTable                         0x20000010   Data          16  stm32f10x_rcc.o(.data)
    ADCPrescTable                            0x20000020   Data           4  stm32f10x_rcc.o(.data)
    .data                                    0x20000024   Section       20  system_stm32f10x.o(.data)
    .data                                    0x20000038   Section       60  tasks.o(.data)
    pxDelayedTaskList                        0x2000003c   Data           4  tasks.o(.data)
    pxOverflowDelayedTaskList                0x20000040   Data           4  tasks.o(.data)
    uxDeletedTasksWaitingCleanUp             0x20000044   Data           4  tasks.o(.data)
    uxCurrentNumberOfTasks                   0x20000048   Data           4  tasks.o(.data)
    xTickCount                               0x2000004c   Data           4  tasks.o(.data)
    uxTopReadyPriority                       0x20000050   Data           4  tasks.o(.data)
    xSchedulerRunning                        0x20000054   Data           4  tasks.o(.data)
    uxPendedTicks                            0x20000058   Data           4  tasks.o(.data)
    xYieldPending                            0x2000005c   Data           4  tasks.o(.data)
    xNumOfOverflows                          0x20000060   Data           4  tasks.o(.data)
    uxTaskNumber                             0x20000064   Data           4  tasks.o(.data)
    xNextTaskUnblockTime                     0x20000068   Data           4  tasks.o(.data)
    xIdleTaskHandle                          0x2000006c   Data           4  tasks.o(.data)
    uxSchedulerSuspended                     0x20000070   Data           4  tasks.o(.data)
    .data                                    0x20000074   Section       24  port.o(.data)
    uxCriticalNesting                        0x20000074   Data           4  port.o(.data)
    ulTimerCountsForOneTick                  0x20000078   Data           4  port.o(.data)
    xMaximumPossibleSuppressedTicks          0x2000007c   Data           4  port.o(.data)
    ulStoppedTimerCompensation               0x20000080   Data           4  port.o(.data)
    ucMaxSysCallPriority                     0x20000084   Data           1  port.o(.data)
    ulMaxPRIGROUPValue                       0x20000088   Data           4  port.o(.data)
    .data                                    0x2000008c   Section       24  heap_4.o(.data)
    xStart                                   0x2000008c   Data           8  heap_4.o(.data)
    pxEnd                                    0x20000094   Data           4  heap_4.o(.data)
    xFreeBytesRemaining                      0x20000098   Data           4  heap_4.o(.data)
    xMinimumEverFreeBytesRemaining           0x2000009c   Data           4  heap_4.o(.data)
    xBlockAllocatedBit                       0x200000a0   Data           4  heap_4.o(.data)
    .data                                    0x200000a4   Section        4  stdout.o(.data)
    .bss                                     0x200000a8   Section       16  main.o(.bss)
    .bss                                     0x200000b8   Section      173  bsp_key.o(.bss)
    s_tBtn                                   0x200000b8   Data         160  bsp_key.o(.bss)
    s_tKey                                   0x20000158   Data          13  bsp_key.o(.bss)
    .bss                                     0x20000168   Section     2088  bsp_uart_fifo.o(.bss)
    g_tUart1                                 0x20000168   Data          40  bsp_uart_fifo.o(.bss)
    g_TxBuf1                                 0x20000190   Data        1024  bsp_uart_fifo.o(.bss)
    g_RxBuf1                                 0x20000590   Data        1024  bsp_uart_fifo.o(.bss)
    .bss                                     0x20000990   Section      200  tasks.o(.bss)
    pxReadyTasksLists                        0x20000990   Data         100  tasks.o(.bss)
    xDelayedTaskList1                        0x200009f4   Data          20  tasks.o(.bss)
    xDelayedTaskList2                        0x20000a08   Data          20  tasks.o(.bss)
    xPendingReadyList                        0x20000a1c   Data          20  tasks.o(.bss)
    xTasksWaitingTermination                 0x20000a30   Data          20  tasks.o(.bss)
    xSuspendedTaskList                       0x20000a44   Data          20  tasks.o(.bss)
    .bss                                     0x20000a58   Section    17408  heap_4.o(.bss)
    ucHeap                                   0x20000a58   Data       17408  heap_4.o(.bss)
    STACK                                    0x20004e58   Section     1024  startup_stm32f10x_hd.o(STACK)

    Global Symbols

    Symbol Name                              Value     Ov Type        Size  Object(Section)

    BuildAttributes$$THM_ISAv4$P$D$K$B$S$PE$A:L22UL41UL21$X:L11$S22US41US21$IEEE1$IW$USESV6$~STKCKD$USESV7$~SHL$OSPACE$ROPI$EBA8$MICROLIB$REQ8$PRES8$EABIv2 0x00000000   Number         0  anon$$obj.o ABSOLUTE
    __ARM_use_no_argv                        0x00000000   Number         0  main.o ABSOLUTE
    _printf_a                                0x00000000   Number         0  stubs.o ABSOLUTE
    _printf_c                                0x00000000   Number         0  stubs.o ABSOLUTE
    _printf_charcount                        0x00000000   Number         0  stubs.o ABSOLUTE
    _printf_d                                0x00000000   Number         0  stubs.o ABSOLUTE
    _printf_e                                0x00000000   Number         0  stubs.o ABSOLUTE
    _printf_f                                0x00000000   Number         0  stubs.o ABSOLUTE
    _printf_flags                            0x00000000   Number         0  stubs.o ABSOLUTE
    _printf_fp_dec                           0x00000000   Number         0  stubs.o ABSOLUTE
    _printf_fp_hex                           0x00000000   Number         0  stubs.o ABSOLUTE
    _printf_g                                0x00000000   Number         0  stubs.o ABSOLUTE
    _printf_i                                0x00000000   Number         0  stubs.o ABSOLUTE
    _printf_int_dec                          0x00000000   Number         0  stubs.o ABSOLUTE
    _printf_l                                0x00000000   Number         0  stubs.o ABSOLUTE
    _printf_lc                               0x00000000   Number         0  stubs.o ABSOLUTE
    _printf_ll                               0x00000000   Number         0  stubs.o ABSOLUTE
    _printf_lld                              0x00000000   Number         0  stubs.o ABSOLUTE
    _printf_lli                              0x00000000   Number         0  stubs.o ABSOLUTE
    _printf_llo                              0x00000000   Number         0  stubs.o ABSOLUTE
    _printf_llu                              0x00000000   Number         0  stubs.o ABSOLUTE
    _printf_llx                              0x00000000   Number         0  stubs.o ABSOLUTE
    _printf_longlong_dec                     0x00000000   Number         0  stubs.o ABSOLUTE
    _printf_longlong_hex                     0x00000000   Number         0  stubs.o ABSOLUTE
    _printf_longlong_oct                     0x00000000   Number         0  stubs.o ABSOLUTE
    _printf_ls                               0x00000000   Number         0  stubs.o ABSOLUTE
    _printf_mbtowc                           0x00000000   Number         0  stubs.o ABSOLUTE
    _printf_n                                0x00000000   Number         0  stubs.o ABSOLUTE
    _printf_o                                0x00000000   Number         0  stubs.o ABSOLUTE
    _printf_p                                0x00000000   Number         0  stubs.o ABSOLUTE
    _printf_percent                          0x00000000   Number         0  stubs.o ABSOLUTE
    _printf_pre_padding                      0x00000000   Number         0  stubs.o ABSOLUTE
    _printf_return_value                     0x00000000   Number         0  stubs.o ABSOLUTE
    _printf_s                                0x00000000   Number         0  stubs.o ABSOLUTE
    _printf_sizespec                         0x00000000   Number         0  stubs.o ABSOLUTE
    _printf_str                              0x00000000   Number         0  stubs.o ABSOLUTE
    _printf_truncate_signed                  0x00000000   Number         0  stubs.o ABSOLUTE
    _printf_truncate_unsigned                0x00000000   Number         0  stubs.o ABSOLUTE
    _printf_u                                0x00000000   Number         0  stubs.o ABSOLUTE
    _printf_wc                               0x00000000   Number         0  stubs.o ABSOLUTE
    _printf_wctomb                           0x00000000   Number         0  stubs.o ABSOLUTE
    _printf_widthprec                        0x00000000   Number         0  stubs.o ABSOLUTE
    _printf_x                                0x00000000   Number         0  stubs.o ABSOLUTE
    __cpp_initialize__aeabi_                  - Undefined Weak Reference
    __cxa_finalize                            - Undefined Weak Reference
    __decompress                              - Undefined Weak Reference
    _clock_init                               - Undefined Weak Reference
    _microlib_exit                            - Undefined Weak Reference
    __Vectors_Size                           0x00000130   Number         0  startup_stm32f10x_hd.o ABSOLUTE
    __Vectors                                0x08000000   Data           4  startup_stm32f10x_hd.o(RESET)
    __Vectors_End                            0x08000130   Data           0  startup_stm32f10x_hd.o(RESET)
    __main                                   0x08000131   Thumb Code     0  entry.o(.ARM.Collect$$$$00000000)
    _main_stk                                0x08000131   Thumb Code     0  entry2.o(.ARM.Collect$$$$00000001)
    _main_scatterload                        0x08000135   Thumb Code     0  entry5.o(.ARM.Collect$$$$00000004)
    __main_after_scatterload                 0x08000139   Thumb Code     0  entry5.o(.ARM.Collect$$$$00000004)
    _main_clock                              0x08000139   Thumb Code     0  entry7b.o(.ARM.Collect$$$$00000008)
    _main_cpp_init                           0x08000139   Thumb Code     0  entry8b.o(.ARM.Collect$$$$0000000A)
    _main_init                               0x08000139   Thumb Code     0  entry9a.o(.ARM.Collect$$$$0000000B)
    __rt_final_cpp                           0x08000141   Thumb Code     0  entry10a.o(.ARM.Collect$$$$0000000D)
    __rt_final_exit                          0x08000141   Thumb Code     0  entry11a.o(.ARM.Collect$$$$0000000F)
    SVC_Handler                              0x08000145   Thumb Code    32  port.o(.emb_text)
    __asm___6_port_c_39a90d8d__prvStartFirstTask 0x08000169   Thumb Code    28  port.o(.emb_text)
    PendSV_Handler                           0x08000189   Thumb Code    72  port.o(.emb_text)
    vPortGetIPSR                             0x080001d5   Thumb Code     6  port.o(.emb_text)
    Reset_Handler                            0x080001dd   Thumb Code     8  startup_stm32f10x_hd.o(.text)
    ADC1_2_IRQHandler                        0x080001f7   Thumb Code     0  startup_stm32f10x_hd.o(.text)
    ADC3_IRQHandler                          0x080001f7   Thumb Code     0  startup_stm32f10x_hd.o(.text)
    CAN1_RX1_IRQHandler                      0x080001f7   Thumb Code     0  startup_stm32f10x_hd.o(.text)
    CAN1_SCE_IRQHandler                      0x080001f7   Thumb Code     0  startup_stm32f10x_hd.o(.text)
    DMA1_Channel1_IRQHandler                 0x080001f7   Thumb Code     0  startup_stm32f10x_hd.o(.text)
    DMA1_Channel2_IRQHandler                 0x080001f7   Thumb Code     0  startup_stm32f10x_hd.o(.text)
    DMA1_Channel3_IRQHandler                 0x080001f7   Thumb Code     0  startup_stm32f10x_hd.o(.text)
    DMA1_Channel4_IRQHandler                 0x080001f7   Thumb Code     0  startup_stm32f10x_hd.o(.text)
    DMA1_Channel5_IRQHandler                 0x080001f7   Thumb Code     0  startup_stm32f10x_hd.o(.text)
    DMA1_Channel6_IRQHandler                 0x080001f7   Thumb Code     0  startup_stm32f10x_hd.o(.text)
    DMA1_Channel7_IRQHandler                 0x080001f7   Thumb Code     0  startup_stm32f10x_hd.o(.text)
    DMA2_Channel1_IRQHandler                 0x080001f7   Thumb Code     0  startup_stm32f10x_hd.o(.text)
    DMA2_Channel2_IRQHandler                 0x080001f7   Thumb Code     0  startup_stm32f10x_hd.o(.text)
    DMA2_Channel3_IRQHandler                 0x080001f7   Thumb Code     0  startup_stm32f10x_hd.o(.text)
    DMA2_Channel4_5_IRQHandler               0x080001f7   Thumb Code     0  startup_stm32f10x_hd.o(.text)
    EXTI0_IRQHandler                         0x080001f7   Thumb Code     0  startup_stm32f10x_hd.o(.text)
    EXTI15_10_IRQHandler                     0x080001f7   Thumb Code     0  startup_stm32f10x_hd.o(.text)
    EXTI1_IRQHandler                         0x080001f7   Thumb Code     0  startup_stm32f10x_hd.o(.text)
    EXTI2_IRQHandler                         0x080001f7   Thumb Code     0  startup_stm32f10x_hd.o(.text)
    EXTI3_IRQHandler                         0x080001f7   Thumb Code     0  startup_stm32f10x_hd.o(.text)
    EXTI4_IRQHandler                         0x080001f7   Thumb Code     0  startup_stm32f10x_hd.o(.text)
    EXTI9_5_IRQHandler                       0x080001f7   Thumb Code     0  startup_stm32f10x_hd.o(.text)
    FLASH_IRQHandler                         0x080001f7   Thumb Code     0  startup_stm32f10x_hd.o(.text)
    FSMC_IRQHandler                          0x080001f7   Thumb Code     0  startup_stm32f10x_hd.o(.text)
    I2C1_ER_IRQHandler                       0x080001f7   Thumb Code     0  startup_stm32f10x_hd.o(.text)
    I2C1_EV_IRQHandler                       0x080001f7   Thumb Code     0  startup_stm32f10x_hd.o(.text)
    I2C2_ER_IRQHandler                       0x080001f7   Thumb Code     0  startup_stm32f10x_hd.o(.text)
    I2C2_EV_IRQHandler                       0x080001f7   Thumb Code     0  startup_stm32f10x_hd.o(.text)
    PVD_IRQHandler                           0x080001f7   Thumb Code     0  startup_stm32f10x_hd.o(.text)
    RCC_IRQHandler                           0x080001f7   Thumb Code     0  startup_stm32f10x_hd.o(.text)
    RTCAlarm_IRQHandler                      0x080001f7   Thumb Code     0  startup_stm32f10x_hd.o(.text)
    RTC_IRQHandler                           0x080001f7   Thumb Code     0  startup_stm32f10x_hd.o(.text)
    SDIO_IRQHandler                          0x080001f7   Thumb Code     0  startup_stm32f10x_hd.o(.text)
    SPI1_IRQHandler                          0x080001f7   Thumb Code     0  startup_stm32f10x_hd.o(.text)
    SPI2_IRQHandler                          0x080001f7   Thumb Code     0  startup_stm32f10x_hd.o(.text)
    SPI3_IRQHandler                          0x080001f7   Thumb Code     0  startup_stm32f10x_hd.o(.text)
    TAMPER_IRQHandler                        0x080001f7   Thumb Code     0  startup_stm32f10x_hd.o(.text)
    TIM1_BRK_IRQHandler                      0x080001f7   Thumb Code     0  startup_stm32f10x_hd.o(.text)
    TIM1_CC_IRQHandler                       0x080001f7   Thumb Code     0  startup_stm32f10x_hd.o(.text)
    TIM1_TRG_COM_IRQHandler                  0x080001f7   Thumb Code     0  startup_stm32f10x_hd.o(.text)
    TIM1_UP_IRQHandler                       0x080001f7   Thumb Code     0  startup_stm32f10x_hd.o(.text)
    TIM2_IRQHandler                          0x080001f7   Thumb Code     0  startup_stm32f10x_hd.o(.text)
    TIM3_IRQHandler                          0x080001f7   Thumb Code     0  startup_stm32f10x_hd.o(.text)
    TIM4_IRQHandler                          0x080001f7   Thumb Code     0  startup_stm32f10x_hd.o(.text)
    TIM5_IRQHandler                          0x080001f7   Thumb Code     0  startup_stm32f10x_hd.o(.text)
    TIM6_IRQHandler                          0x080001f7   Thumb Code     0  startup_stm32f10x_hd.o(.text)
    TIM7_IRQHandler                          0x080001f7   Thumb Code     0  startup_stm32f10x_hd.o(.text)
    TIM8_BRK_IRQHandler                      0x080001f7   Thumb Code     0  startup_stm32f10x_hd.o(.text)
    TIM8_CC_IRQHandler                       0x080001f7   Thumb Code     0  startup_stm32f10x_hd.o(.text)
    TIM8_TRG_COM_IRQHandler                  0x080001f7   Thumb Code     0  startup_stm32f10x_hd.o(.text)
    TIM8_UP_IRQHandler                       0x080001f7   Thumb Code     0  startup_stm32f10x_hd.o(.text)
    UART4_IRQHandler                         0x080001f7   Thumb Code     0  startup_stm32f10x_hd.o(.text)
    UART5_IRQHandler                         0x080001f7   Thumb Code     0  startup_stm32f10x_hd.o(.text)
    USART2_IRQHandler                        0x080001f7   Thumb Code     0  startup_stm32f10x_hd.o(.text)
    USART3_IRQHandler                        0x080001f7   Thumb Code     0  startup_stm32f10x_hd.o(.text)
    USBWakeUp_IRQHandler                     0x080001f7   Thumb Code     0  startup_stm32f10x_hd.o(.text)
    USB_HP_CAN1_TX_IRQHandler                0x080001f7   Thumb Code     0  startup_stm32f10x_hd.o(.text)
    USB_LP_CAN1_RX0_IRQHandler               0x080001f7   Thumb Code     0  startup_stm32f10x_hd.o(.text)
    WWDG_IRQHandler                          0x080001f7   Thumb Code     0  startup_stm32f10x_hd.o(.text)
    __aeabi_memcpy                           0x08000201   Thumb Code    36  memcpya.o(.text)
    __aeabi_memcpy4                          0x08000201   Thumb Code     0  memcpya.o(.text)
    __aeabi_memcpy8                          0x08000201   Thumb Code     0  memcpya.o(.text)
    __aeabi_memset                           0x08000225   Thumb Code    14  memseta.o(.text)
    __aeabi_memset4                          0x08000225   Thumb Code     0  memseta.o(.text)
    __aeabi_memset8                          0x08000225   Thumb Code     0  memseta.o(.text)
    __aeabi_memclr                           0x08000233   Thumb Code     4  memseta.o(.text)
    __aeabi_memclr4                          0x08000233   Thumb Code     0  memseta.o(.text)
    __aeabi_memclr8                          0x08000233   Thumb Code     0  memseta.o(.text)
    _memset$wrapper                          0x08000237   Thumb Code    18  memseta.o(.text)
    __aeabi_uidiv                            0x08000249   Thumb Code     0  uidiv.o(.text)
    __aeabi_uidivmod                         0x08000249   Thumb Code    44  uidiv.o(.text)
    __scatterload                            0x08000275   Thumb Code    28  init.o(.text)
    __scatterload_rt2                        0x08000275   Thumb Code     0  init.o(.text)
    BusFault_Handler                         0x08000361   Thumb Code     4  stm32f10x_it.o(i.BusFault_Handler)
    DebugMon_Handler                         0x08000387   Thumb Code     2  stm32f10x_it.o(i.DebugMon_Handler)
    GPIO_Init                                0x08000389   Thumb Code   278  stm32f10x_gpio.o(i.GPIO_Init)
    HardFault_Handler                        0x080004a1   Thumb Code    40  stm32f10x_it.o(i.HardFault_Handler)
    MemManage_Handler                        0x08000709   Thumb Code     4  stm32f10x_it.o(i.MemManage_Handler)
    NMI_Handler                              0x0800070d   Thumb Code     2  stm32f10x_it.o(i.NMI_Handler)
    NVIC_Init                                0x08000711   Thumb Code   100  misc.o(i.NVIC_Init)
    NVIC_PriorityGroupConfig                 0x08000781   Thumb Code    10  misc.o(i.NVIC_PriorityGroupConfig)
    OS_PostSleepProcessing                   0x08000795   Thumb Code    30  main.o(i.OS_PostSleepProcessing)
    OS_PreSleepProcessing                    0x080007b3   Thumb Code    32  main.o(i.OS_PreSleepProcessing)
    RCC_APB2PeriphClockCmd                   0x080007d5   Thumb Code    26  stm32f10x_rcc.o(i.RCC_APB2PeriphClockCmd)
    RCC_GetClocksFreq                        0x080007f5   Thumb Code   192  stm32f10x_rcc.o(i.RCC_GetClocksFreq)
    RS485_InitTXE                            0x080008c9   Thumb Code    38  bsp_uart_fifo.o(i.RS485_InitTXE)
    SysTick_Handler                          0x080009dd   Thumb Code    46  port.o(i.SysTick_Handler)
    SystemInit                               0x08000a11   Thumb Code    78  system_stm32f10x.o(i.SystemInit)
    USART1_IRQHandler                        0x08000a71   Thumb Code    10  bsp_uart_fifo.o(i.USART1_IRQHandler)
    USART_ClearFlag                          0x08000a81   Thumb Code    18  stm32f10x_usart.o(i.USART_ClearFlag)
    USART_Cmd                                0x08000a93   Thumb Code    24  stm32f10x_usart.o(i.USART_Cmd)
    USART_GetFlagStatus                      0x08000aab   Thumb Code    26  stm32f10x_usart.o(i.USART_GetFlagStatus)
    USART_GetITStatus                        0x08000ac5   Thumb Code    84  stm32f10x_usart.o(i.USART_GetITStatus)
    USART_ITConfig                           0x08000b19   Thumb Code    74  stm32f10x_usart.o(i.USART_ITConfig)
    USART_Init                               0x08000b65   Thumb Code   210  stm32f10x_usart.o(i.USART_Init)
    USART_ReceiveData                        0x08000c3d   Thumb Code    10  stm32f10x_usart.o(i.USART_ReceiveData)
    USART_SendData                           0x08000c47   Thumb Code     8  stm32f10x_usart.o(i.USART_SendData)
    UsageFault_Handler                       0x08000d71   Thumb Code     4  stm32f10x_it.o(i.UsageFault_Handler)
    __0printf$1                              0x08000d75   Thumb Code    22  printf1.o(i.__0printf$1)
    __1printf$1                              0x08000d75   Thumb Code     0  printf1.o(i.__0printf$1)
    __2printf                                0x08000d75   Thumb Code     0  printf1.o(i.__0printf$1)
    __scatterload_copy                       0x08000d95   Thumb Code    14  handlers.o(i.__scatterload_copy)
    __scatterload_null                       0x08000da3   Thumb Code     2  handlers.o(i.__scatterload_null)
    __scatterload_zeroinit                   0x08000da5   Thumb Code    14  handlers.o(i.__scatterload_zeroinit)
    bsp_GetKey                               0x08000fd5   Thumb Code    46  bsp_key.o(i.bsp_GetKey)
    bsp_Init                                 0x08001009   Thumb Code    24  bsp.o(i.bsp_Init)
    bsp_InitKey                              0x08001021   Thumb Code    12  bsp_key.o(i.bsp_InitKey)
    bsp_InitLed                              0x080011a5   Thumb Code   108  bsp_led.o(i.bsp_InitLed)
    bsp_InitUart                             0x08001215   Thumb Code    20  bsp_uart_fifo.o(i.bsp_InitUart)
    bsp_KeyScan                              0x08001229   Thumb Code    22  bsp_key.o(i.bsp_KeyScan)
    bsp_LedOff                               0x08001241   Thumb Code    54  bsp_led.o(i.bsp_LedOff)
    bsp_LedToggle                            0x0800127d   Thumb Code    72  bsp_led.o(i.bsp_LedToggle)
    bsp_PutKey                               0x080012c9   Thumb Code    28  bsp_key.o(i.bsp_PutKey)
    eTaskConfirmSleepModeStatus              0x080012e9   Thumb Code    42  tasks.o(i.eTaskConfirmSleepModeStatus)
    fputc                                    0x08001325   Thumb Code    32  bsp_uart_fifo.o(i.fputc)
    main                                     0x08001349   Thumb Code    20  main.o(i.main)
    pvPortMalloc                             0x080019d9   Thumb Code   296  heap_4.o(i.pvPortMalloc)
    pxPortInitialiseStack                    0x08001b15   Thumb Code    30  port.o(i.pxPortInitialiseStack)
    uxListRemove                             0x08001b39   Thumb Code    40  list.o(i.uxListRemove)
    vListInitialise                          0x08001b61   Thumb Code    26  list.o(i.vListInitialise)
    vListInitialiseItem                      0x08001b7b   Thumb Code     6  list.o(i.vListInitialiseItem)
    vListInsert                              0x08001b81   Thumb Code    52  list.o(i.vListInsert)
    vListInsertEnd                           0x08001bb5   Thumb Code    24  list.o(i.vListInsertEnd)
    vPortEnterCritical                       0x08001bcd   Thumb Code    76  port.o(i.vPortEnterCritical)
    vPortExitCritical                        0x08001c21   Thumb Code    56  port.o(i.vPortExitCritical)
    vPortFree                                0x08001c5d   Thumb Code   140  heap_4.o(i.vPortFree)
    vPortSetupTimerInterrupt                 0x08001cf1   Thumb Code    86  port.o(i.vPortSetupTimerInterrupt)
    vPortSuppressTicksAndSleep               0x08001d59   Thumb Code   332  port.o(i.vPortSuppressTicksAndSleep)
    vTaskDelay                               0x08001eb1   Thumb Code    82  tasks.o(i.vTaskDelay)
    vTaskInternalSetTimeOutState             0x08001f0d   Thumb Code    14  tasks.o(i.vTaskInternalSetTimeOutState)
    vTaskMissedYield                         0x08001ff5   Thumb Code     8  tasks.o(i.vTaskMissedYield)
    vTaskPlaceOnEventList                    0x08002065   Thumb Code    52  tasks.o(i.vTaskPlaceOnEventList)
    vTaskStartScheduler                      0x080020ad   Thumb Code   108  tasks.o(i.vTaskStartScheduler)
    vTaskStepTick                            0x08002135   Thumb Code    56  tasks.o(i.vTaskStepTick)
    vTaskSuspendAll                          0x08002175   Thumb Code    12  tasks.o(i.vTaskSuspendAll)
    vTaskSwitchContext                       0x08002185   Thumb Code   118  tasks.o(i.vTaskSwitchContext)
    xPortStartScheduler                      0x08002389   Thumb Code   228  port.o(i.xPortStartScheduler)
    xQueueGenericCreate                      0x08002481   Thumb Code    90  queue.o(i.xQueueGenericCreate)
    xQueueGenericReset                       0x080024dd   Thumb Code   146  queue.o(i.xQueueGenericReset)
    xQueueGenericSend                        0x08002575   Thumb Code   380  queue.o(i.xQueueGenericSend)
    xQueueReceive                            0x080026f5   Thumb Code   316  queue.o(i.xQueueReceive)
    xTaskCheckForTimeOut                     0x08002835   Thumb Code   132  tasks.o(i.xTaskCheckForTimeOut)
    xTaskCreate                              0x080028c1   Thumb Code    96  tasks.o(i.xTaskCreate)
    xTaskIncrementTick                       0x08002921   Thumb Code   282  tasks.o(i.xTaskIncrementTick)
    xTaskPriorityDisinherit                  0x08002a69   Thumb Code   188  tasks.o(i.xTaskPriorityDisinherit)
    xTaskRemoveFromEventList                 0x08002b31   Thumb Code   132  tasks.o(i.xTaskRemoveFromEventList)
    xTaskResumeAll                           0x08002bcd   Thumb Code   224  tasks.o(i.xTaskResumeAll)
    Region$$Table$$Base                      0x08002cd0   Number         0  anon$$obj.o(Region$$Table)
    Region$$Table$$Limit                     0x08002cf0   Number         0  anon$$obj.o(Region$$Table)
    SystemCoreClock                          0x20000024   Data           4  system_stm32f10x.o(.data)
    AHBPrescTable                            0x20000028   Data          16  system_stm32f10x.o(.data)
    pxCurrentTCB                             0x20000038   Data           4  tasks.o(.data)
    __stdout                                 0x200000a4   Data           4  stdout.o(.data)
    g_tMsg                                   0x200000a8   Data          16  main.o(.bss)
    __initial_sp                             0x20005258   Data           0  startup_stm32f10x_hd.o(STACK)



==============================================================================

Memory Map of the image

  Image Entry point : 0x08000131

  Load Region LR_IROM1 (Base: 0x08000000, Size: 0x00002d98, Max: 0x00080000, ABSOLUTE)

    Execution Region ER_IROM1 (Exec base: 0x08000000, Load base: 0x08000000, Size: 0x00002cf0, Max: 0x00080000, ABSOLUTE)

    Exec Addr    Load Addr    Size         Type   Attr      Idx    E Section Name        Object

    0x08000000   0x08000000   0x00000130   Data   RO          886    RESET               startup_stm32f10x_hd.o
    0x08000130   0x08000130   0x00000000   Code   RO         3314  * .ARM.Collect$$$$00000000  mc_w.l(entry.o)
    0x08000130   0x08000130   0x00000004   Code   RO         3588    .ARM.Collect$$$$00000001  mc_w.l(entry2.o)
    0x08000134   0x08000134   0x00000004   Code   RO         3591    .ARM.Collect$$$$00000004  mc_w.l(entry5.o)
    0x08000138   0x08000138   0x00000000   Code   RO         3593    .ARM.Collect$$$$00000008  mc_w.l(entry7b.o)
    0x08000138   0x08000138   0x00000000   Code   RO         3595    .ARM.Collect$$$$0000000A  mc_w.l(entry8b.o)
    0x08000138   0x08000138   0x00000008   Code   RO         3596    .ARM.Collect$$$$0000000B  mc_w.l(entry9a.o)
    0x08000140   0x08000140   0x00000000   Code   RO         3598    .ARM.Collect$$$$0000000D  mc_w.l(entry10a.o)
    0x08000140   0x08000140   0x00000000   Code   RO         3600    .ARM.Collect$$$$0000000F  mc_w.l(entry11a.o)
    0x08000140   0x08000140   0x00000004   Code   RO         3589    .ARM.Collect$$$$00002712  mc_w.l(entry2.o)
    0x08000144   0x08000144   0x00000096   Code   RO         3170    .emb_text           port.o
    0x080001da   0x080001da   0x00000002   PAD
    0x080001dc   0x080001dc   0x00000024   Code   RO          887    .text               startup_stm32f10x_hd.o
    0x08000200   0x08000200   0x00000024   Code   RO         3319    .text               mc_w.l(memcpya.o)
    0x08000224   0x08000224   0x00000024   Code   RO         3321    .text               mc_w.l(memseta.o)
    0x08000248   0x08000248   0x0000002c   Code   RO         3603    .text               mc_w.l(uidiv.o)
    0x08000274   0x08000274   0x00000024   Code   RO         3618    .text               mc_w.l(init.o)
    0x08000298   0x08000298   0x00000028   Code   RO            3    i.AppObjCreate      main.o
    0x080002c0   0x080002c0   0x000000a0   Code   RO            4    i.AppTaskCreate     main.o
    0x08000360   0x08000360   0x00000004   Code   RO          723    i.BusFault_Handler  stm32f10x_it.o
    0x08000364   0x08000364   0x00000022   Code   RO          457    i.ConfigUartNVIC    bsp_uart_fifo.o
    0x08000386   0x08000386   0x00000002   Code   RO          724    i.DebugMon_Handler  stm32f10x_it.o
    0x08000388   0x08000388   0x00000116   Code   RO         1091    i.GPIO_Init         stm32f10x_gpio.o
    0x0800049e   0x0800049e   0x00000002   PAD
    0x080004a0   0x080004a0   0x00000058   Code   RO          725    i.HardFault_Handler  stm32f10x_it.o
    0x080004f8   0x080004f8   0x00000094   Code   RO          458    i.InitHardUart      bsp_uart_fifo.o
    0x0800058c   0x0800058c   0x00000034   Code   RO          283    i.IsKeyDown1        bsp_key.o
    0x080005c0   0x080005c0   0x00000034   Code   RO          284    i.IsKeyDown10       bsp_key.o
    0x080005f4   0x080005f4   0x00000034   Code   RO          285    i.IsKeyDown2        bsp_key.o
    0x08000628   0x08000628   0x00000034   Code   RO          286    i.IsKeyDown3        bsp_key.o
    0x0800065c   0x0800065c   0x00000018   Code   RO          287    i.IsKeyDown4        bsp_key.o
    0x08000674   0x08000674   0x00000018   Code   RO          288    i.IsKeyDown5        bsp_key.o
    0x0800068c   0x0800068c   0x00000018   Code   RO          289    i.IsKeyDown6        bsp_key.o
    0x080006a4   0x080006a4   0x00000018   Code   RO          290    i.IsKeyDown7        bsp_key.o
    0x080006bc   0x080006bc   0x00000018   Code   RO          291    i.IsKeyDown8        bsp_key.o
    0x080006d4   0x080006d4   0x00000034   Code   RO          292    i.IsKeyDown9        bsp_key.o
    0x08000708   0x08000708   0x00000004   Code   RO          726    i.MemManage_Handler  stm32f10x_it.o
    0x0800070c   0x0800070c   0x00000002   Code   RO          727    i.NMI_Handler       stm32f10x_it.o
    0x0800070e   0x0800070e   0x00000002   PAD
    0x08000710   0x08000710   0x00000070   Code   RO          893    i.NVIC_Init         misc.o
    0x08000780   0x08000780   0x00000014   Code   RO          894    i.NVIC_PriorityGroupConfig  misc.o
    0x08000794   0x08000794   0x0000001e   Code   RO            5    i.OS_PostSleepProcessing  main.o
    0x080007b2   0x080007b2   0x00000020   Code   RO            6    i.OS_PreSleepProcessing  main.o
    0x080007d2   0x080007d2   0x00000002   PAD
    0x080007d4   0x080007d4   0x00000020   Code   RO         1279    i.RCC_APB2PeriphClockCmd  stm32f10x_rcc.o
    0x080007f4   0x080007f4   0x000000d4   Code   RO         1287    i.RCC_GetClocksFreq  stm32f10x_rcc.o
    0x080008c8   0x080008c8   0x0000002c   Code   RO          459    i.RS485_InitTXE     bsp_uart_fifo.o
    0x080008f4   0x080008f4   0x00000008   Code   RO         2409    i.SetSysClock       system_stm32f10x.o
    0x080008fc   0x080008fc   0x000000e0   Code   RO         2410    i.SetSysClockTo72   system_stm32f10x.o
    0x080009dc   0x080009dc   0x00000034   Code   RO         3171    i.SysTick_Handler   port.o
    0x08000a10   0x08000a10   0x00000060   Code   RO         2412    i.SystemInit        system_stm32f10x.o
    0x08000a70   0x08000a70   0x00000010   Code   RO          465    i.USART1_IRQHandler  bsp_uart_fifo.o
    0x08000a80   0x08000a80   0x00000012   Code   RO         1483    i.USART_ClearFlag   stm32f10x_usart.o
    0x08000a92   0x08000a92   0x00000018   Code   RO         1487    i.USART_Cmd         stm32f10x_usart.o
    0x08000aaa   0x08000aaa   0x0000001a   Code   RO         1490    i.USART_GetFlagStatus  stm32f10x_usart.o
    0x08000ac4   0x08000ac4   0x00000054   Code   RO         1491    i.USART_GetITStatus  stm32f10x_usart.o
    0x08000b18   0x08000b18   0x0000004a   Code   RO         1493    i.USART_ITConfig    stm32f10x_usart.o
    0x08000b62   0x08000b62   0x00000002   PAD
    0x08000b64   0x08000b64   0x000000d8   Code   RO         1494    i.USART_Init        stm32f10x_usart.o
    0x08000c3c   0x08000c3c   0x0000000a   Code   RO         1501    i.USART_ReceiveData  stm32f10x_usart.o
    0x08000c46   0x08000c46   0x00000008   Code   RO         1504    i.USART_SendData    stm32f10x_usart.o
    0x08000c4e   0x08000c4e   0x000000e6   Code   RO          467    i.UartIRQ           bsp_uart_fifo.o
    0x08000d34   0x08000d34   0x0000003c   Code   RO          469    i.UartVarInit       bsp_uart_fifo.o
    0x08000d70   0x08000d70   0x00000004   Code   RO          728    i.UsageFault_Handler  stm32f10x_it.o
    0x08000d74   0x08000d74   0x00000020   Code   RO         3372    i.__0printf$1       mc_w.l(printf1.o)
    0x08000d94   0x08000d94   0x0000000e   Code   RO         3630    i.__scatterload_copy  mc_w.l(handlers.o)
    0x08000da2   0x08000da2   0x00000002   Code   RO         3631    i.__scatterload_null  mc_w.l(handlers.o)
    0x08000da4   0x08000da4   0x0000000e   Code   RO         3632    i.__scatterload_zeroinit  mc_w.l(handlers.o)
    0x08000db2   0x08000db2   0x00000002   PAD
    0x08000db4   0x08000db4   0x00000154   Code   RO         3379    i._printf_core      mc_w.l(printf1.o)
    0x08000f08   0x08000f08   0x000000cc   Code   RO          294    i.bsp_DetectKey     bsp_key.o
    0x08000fd4   0x08000fd4   0x00000034   Code   RO          295    i.bsp_GetKey        bsp_key.o
    0x08001008   0x08001008   0x00000018   Code   RO          241    i.bsp_Init          bsp.o
    0x08001020   0x08001020   0x0000000c   Code   RO          298    i.bsp_InitKey       bsp_key.o
    0x0800102c   0x0800102c   0x000000a4   Code   RO          299    i.bsp_InitKeyHard   bsp_key.o
    0x080010d0   0x080010d0   0x000000d4   Code   RO          300    i.bsp_InitKeyVar    bsp_key.o
    0x080011a4   0x080011a4   0x00000070   Code   RO          412    i.bsp_InitLed       bsp_led.o
    0x08001214   0x08001214   0x00000014   Code   RO          470    i.bsp_InitUart      bsp_uart_fifo.o
    0x08001228   0x08001228   0x00000016   Code   RO          301    i.bsp_KeyScan       bsp_key.o
    0x0800123e   0x0800123e   0x00000002   PAD
    0x08001240   0x08001240   0x0000003c   Code   RO          414    i.bsp_LedOff        bsp_led.o
    0x0800127c   0x0800127c   0x0000004c   Code   RO          416    i.bsp_LedToggle     bsp_led.o
    0x080012c8   0x080012c8   0x00000020   Code   RO          302    i.bsp_PutKey        bsp_key.o
    0x080012e8   0x080012e8   0x0000003c   Code   RO         2806    i.eTaskConfirmSleepModeStatus  tasks.o
    0x08001324   0x08001324   0x00000024   Code   RO          480    i.fputc             bsp_uart_fifo.o
    0x08001348   0x08001348   0x00000014   Code   RO            7    i.main              main.o
    0x0800135c   0x0800135c   0x00000098   Code   RO         2809    i.prvAddCurrentTaskToDelayedList  tasks.o
    0x080013f4   0x080013f4   0x000000b8   Code   RO         2810    i.prvAddNewTaskToReadyList  tasks.o
    0x080014ac   0x080014ac   0x00000048   Code   RO         2811    i.prvCheckTasksWaitingTermination  tasks.o
    0x080014f4   0x080014f4   0x0000002a   Code   RO         2596    i.prvCopyDataFromQueue  queue.o
    0x0800151e   0x0800151e   0x0000007e   Code   RO         2597    i.prvCopyDataToQueue  queue.o
    0x0800159c   0x0800159c   0x00000012   Code   RO         2812    i.prvDeleteTCB      tasks.o
    0x080015ae   0x080015ae   0x00000002   PAD
    0x080015b0   0x080015b0   0x0000004c   Code   RO         2813    i.prvGetExpectedIdleTime  tasks.o
    0x080015fc   0x080015fc   0x0000007c   Code   RO         3253    i.prvHeapInit       heap_4.o
    0x08001678   0x08001678   0x0000007c   Code   RO         2814    i.prvIdleTask       tasks.o
    0x080016f4   0x080016f4   0x0000002a   Code   RO         2600    i.prvInitialiseNewQueue  queue.o
    0x0800171e   0x0800171e   0x000000be   Code   RO         2815    i.prvInitialiseNewTask  tasks.o
    0x080017dc   0x080017dc   0x00000068   Code   RO         2816    i.prvInitialiseTaskLists  tasks.o
    0x08001844   0x08001844   0x00000068   Code   RO         3254    i.prvInsertBlockIntoFreeList  heap_4.o
    0x080018ac   0x080018ac   0x0000001a   Code   RO         2601    i.prvIsQueueEmpty   queue.o
    0x080018c6   0x080018c6   0x0000001e   Code   RO         2602    i.prvIsQueueFull    queue.o
    0x080018e4   0x080018e4   0x00000034   Code   RO         2818    i.prvResetNextTaskUnblockTime  tasks.o
    0x08001918   0x08001918   0x00000040   Code   RO         3172    i.prvTaskExitError  port.o
    0x08001958   0x08001958   0x0000007e   Code   RO         2603    i.prvUnlockQueue    queue.o
    0x080019d6   0x080019d6   0x00000002   PAD
    0x080019d8   0x080019d8   0x0000013c   Code   RO         3255    i.pvPortMalloc      heap_4.o
    0x08001b14   0x08001b14   0x00000024   Code   RO         3173    i.pxPortInitialiseStack  port.o
    0x08001b38   0x08001b38   0x00000028   Code   RO         2556    i.uxListRemove      list.o
    0x08001b60   0x08001b60   0x0000001a   Code   RO         2557    i.vListInitialise   list.o
    0x08001b7a   0x08001b7a   0x00000006   Code   RO         2558    i.vListInitialiseItem  list.o
    0x08001b80   0x08001b80   0x00000034   Code   RO         2559    i.vListInsert       list.o
    0x08001bb4   0x08001bb4   0x00000018   Code   RO         2560    i.vListInsertEnd    list.o
    0x08001bcc   0x08001bcc   0x00000054   Code   RO         3175    i.vPortEnterCritical  port.o
    0x08001c20   0x08001c20   0x0000003c   Code   RO         3176    i.vPortExitCritical  port.o
    0x08001c5c   0x08001c5c   0x00000094   Code   RO         3256    i.vPortFree         heap_4.o
    0x08001cf0   0x08001cf0   0x00000068   Code   RO         3177    i.vPortSetupTimerInterrupt  port.o
    0x08001d58   0x08001d58   0x00000158   Code   RO         3178    i.vPortSuppressTicksAndSleep  port.o
    0x08001eb0   0x08001eb0   0x0000005c   Code   RO         2829    i.vTaskDelay        tasks.o
    0x08001f0c   0x08001f0c   0x00000018   Code   RO         2834    i.vTaskInternalSetTimeOutState  tasks.o
    0x08001f24   0x08001f24   0x000000d0   Code   RO            8    i.vTaskLED          main.o
    0x08001ff4   0x08001ff4   0x0000000c   Code   RO         2835    i.vTaskMissedYield  tasks.o
    0x08002000   0x08002000   0x00000064   Code   RO            9    i.vTaskMsgPro       main.o
    0x08002064   0x08002064   0x00000038   Code   RO         2837    i.vTaskPlaceOnEventList  tasks.o
    0x0800209c   0x0800209c   0x0000000e   Code   RO           10    i.vTaskStart        main.o
    0x080020aa   0x080020aa   0x00000002   PAD
    0x080020ac   0x080020ac   0x00000088   Code   RO         2845    i.vTaskStartScheduler  tasks.o
    0x08002134   0x08002134   0x00000040   Code   RO         2846    i.vTaskStepTick     tasks.o
    0x08002174   0x08002174   0x00000010   Code   RO         2848    i.vTaskSuspendAll   tasks.o
    0x08002184   0x08002184   0x0000008c   Code   RO         2849    i.vTaskSwitchContext  tasks.o
    0x08002210   0x08002210   0x00000178   Code   RO           11    i.vTaskTaskUserIF   main.o
    0x08002388   0x08002388   0x000000f8   Code   RO         3180    i.xPortStartScheduler  port.o
    0x08002480   0x08002480   0x0000005a   Code   RO         2615    i.xQueueGenericCreate  queue.o
    0x080024da   0x080024da   0x00000002   PAD
    0x080024dc   0x080024dc   0x00000098   Code   RO         2616    i.xQueueGenericReset  queue.o
    0x08002574   0x08002574   0x00000180   Code   RO         2617    i.xQueueGenericSend  queue.o
    0x080026f4   0x080026f4   0x00000140   Code   RO         2625    i.xQueueReceive     queue.o
    0x08002834   0x08002834   0x0000008c   Code   RO         2850    i.xTaskCheckForTimeOut  tasks.o
    0x080028c0   0x080028c0   0x00000060   Code   RO         2851    i.xTaskCreate       tasks.o
    0x08002920   0x08002920   0x00000148   Code   RO         2857    i.xTaskIncrementTick  tasks.o
    0x08002a68   0x08002a68   0x000000c8   Code   RO         2860    i.xTaskPriorityDisinherit  tasks.o
    0x08002b30   0x08002b30   0x0000009c   Code   RO         2862    i.xTaskRemoveFromEventList  tasks.o
    0x08002bcc   0x08002bcc   0x00000104   Code   RO         2863    i.xTaskResumeAll    tasks.o
    0x08002cd0   0x08002cd0   0x00000020   Data   RO         3628    Region$$Table       anon$$obj.o


    Execution Region RW_IRAM1 (Exec base: 0x20000000, Load base: 0x08002cf0, Size: 0x00005258, Max: 0x00010000, ABSOLUTE)

    Exec Addr    Load Addr    Size         Type   Attr      Idx    E Section Name        Object

    0x20000000   0x08002cf0   0x00000010   Data   RW           13    .data               main.o
    0x20000010   0x08002d00   0x00000014   Data   RW         1307    .data               stm32f10x_rcc.o
    0x20000024   0x08002d14   0x00000014   Data   RW         2413    .data               system_stm32f10x.o
    0x20000038   0x08002d28   0x0000003c   Data   RW         2866    .data               tasks.o
    0x20000074   0x08002d64   0x00000018   Data   RW         3181    .data               port.o
    0x2000008c   0x08002d7c   0x00000018   Data   RW         3261    .data               heap_4.o
    0x200000a4   0x08002d94   0x00000004   Data   RW         3602    .data               mc_w.l(stdout.o)
    0x200000a8        -       0x00000010   Zero   RW           12    .bss                main.o
    0x200000b8        -       0x000000ad   Zero   RW          304    .bss                bsp_key.o
    0x20000165   0x08002d98   0x00000003   PAD
    0x20000168        -       0x00000828   Zero   RW          481    .bss                bsp_uart_fifo.o
    0x20000990        -       0x000000c8   Zero   RW         2865    .bss                tasks.o
    0x20000a58        -       0x00004400   Zero   RW         3260    .bss                heap_4.o
    0x20004e58        -       0x00000400   Zero   RW          884    STACK               startup_stm32f10x_hd.o


==============================================================================

Image component sizes


      Code (inc. data)   RO Data    RW Data    ZI Data      Debug   Object Name

        24          0          0          0          0       1699   bsp.o
      1078        182          0          0        173       9526   bsp_key.o
       248         14          0          0          0       1603   bsp_led.o
       588         40          0          0       2088       5031   bsp_uart_fifo.o
         0          0          0          0          0       9716   event_groups.o
       692         62          0         24      17408       6975   heap_4.o
       148          0          0          0          0       3178   list.o
       980        472          0         16         16     255613   main.o
       132         22          0          0          0       1751   misc.o
      1142         90          0         24          0      11289   port.o
      1338         14          0          0          0      12403   queue.o
        36          8        304          0       1024        912   startup_stm32f10x_hd.o
       278          0          0          0          0       2116   stm32f10x_gpio.o
       104         48          0          0          0       2857   stm32f10x_it.o
       244         26          0         20          0       4121   stm32f10x_rcc.o
       460          6          0          0          0       7331   stm32f10x_usart.o
       328         28          0         20          0       2321   system_stm32f10x.o
      2752        382          0         60        200      23917   tasks.o

    ----------------------------------------------------------------------
     10592       1394        336        164      20912     362359   Object Totals
         0          0         32          0          0          0   (incl. Generated)
        20          0          0          0          3          0   (incl. Padding)

    ----------------------------------------------------------------------

      Code (inc. data)   RO Data    RW Data    ZI Data      Debug   Library Member Name

         0          0          0          0          0          0   entry.o
         0          0          0          0          0          0   entry10a.o
         0          0          0          0          0          0   entry11a.o
         8          4          0          0          0          0   entry2.o
         4          0          0          0          0          0   entry5.o
         0          0          0          0          0          0   entry7b.o
         0          0          0          0          0          0   entry8b.o
         8          4          0          0          0          0   entry9a.o
        30          0          0          0          0          0   handlers.o
        36          8          0          0          0         68   init.o
        36          0          0          0          0         68   memcpya.o
        36          0          0          0          0        108   memseta.o
       372         14          0          0          0        184   printf1.o
         0          0          0          4          0          0   stdout.o
        44          0          0          0          0         80   uidiv.o

    ----------------------------------------------------------------------
       576         30          0          4          0        508   Library Totals
         2          0          0          0          0          0   (incl. Padding)

    ----------------------------------------------------------------------

      Code (inc. data)   RO Data    RW Data    ZI Data      Debug   Library Name

       574         30          0          4          0        508   mc_w.l

    ----------------------------------------------------------------------
       576         30          0          4          0        508   Library Totals

    ----------------------------------------------------------------------

==============================================================================


      Code (inc. data)   RO Data    RW Data    ZI Data      Debug   

     11168       1424        336        168      20912     357195   Grand Totals
     11168       1424        336        168      20912     357195   ELF Image Totals
     11168       1424        336        168          0          0   ROM Totals

==============================================================================

    Total RO  Size (Code + RO Data)                11504 (  11.23kB)
    Total RW  Size (RW Data + ZI Data)             21080 (  20.59kB)
    Total ROM Size (Code + RO Data + RW Data)      11672 (  11.40kB)

==============================================================================

